// Jest Snapshot v1, https://goo.gl/fbAQLP

exports[`Snapshot test for the "TabNavigationItem" component renders correctly 1`] = `
<View
  accessible={true}
  focusable={true}
  onBlur={[Function]}
  onClick={[Function]}
  onFocus={[Function]}
  onResponderGrant={[Function]}
  onResponderMove={[Function]}
  onResponderRelease={[Function]}
  onResponderTerminate={[Function]}
  onResponderTerminationRequest={[Function]}
  onStartShouldSetResponder={[Function]}
  style={
    Array [
      Object {
        "alignItems": "center",
        "justifyContent": "center",
        "paddingBottom": 0,
      },
      Object {
        "paddingBottom": 0,
      },
    ]
  }
>
  <View />
  <View
    style={
      Array [
        Object {
          "backgroundColor": "#ffffff",
          "borderRadius": 3,
          "height": 6,
          "marginTop": 8,
          "width": 6,
        },
        undefined,
      ]
    }
  />
</View>
`;
