// Jest Snapshot v1, https://goo.gl/fbAQLP

exports[`Snapshot test for the "UIText" component renders correctly 1`] = `
<View
  style={
    Array [
      undefined,
      Object {
        "alignItems": "center",
        "justifyContent": "center",
        "overflow": "hidden",
      },
      Object {
        "borderRadius": 36,
        "height": 36,
        "width": 36,
      },
    ]
  }
>
  <Image
    progressiveRenderingEnabled={true}
    resizeMode="cover"
    source={
      Object {
        "cache": "force-cache",
        "heigth": undefined,
        "uri": "https://placeimg.com/140/140/people",
        "width": undefined,
      }
    }
    style={
      Array [
        Object {
          "borderRadius": 36,
          "height": 36,
          "width": 36,
        },
        undefined,
      ]
    }
  />
</View>
`;
