// Jest Snapshot v1, https://goo.gl/fbAQLP

exports[`Snapshot test for the "UIButton" component renders correctly 1`] = `
<View
  accessibilityState={
    {
      "busy": undefined,
      "checked": undefined,
      "disabled": undefined,
      "expanded": undefined,
      "selected": undefined,
    }
  }
  accessibilityValue={
    {
      "max": undefined,
      "min": undefined,
      "now": undefined,
      "text": undefined,
    }
  }
  accessible={true}
  collapsable={false}
  focusable={true}
  onBlur={[Function]}
  onClick={[Function]}
  onFocus={[Function]}
  onResponderGrant={[Function]}
  onResponderMove={[Function]}
  onResponderRelease={[Function]}
  onResponderTerminate={[Function]}
  onResponderTerminationRequest={[Function]}
  onStartShouldSetResponder={[Function]}
  primary={true}
  style={
    [
      {
        "alignItems": "center",
        "backgroundColor": "#7239f2",
        "borderRadius": 24,
        "justifyContent": "center",
        "minHeight": 44,
      },
      {
        "width": 577.5,
      },
      undefined,
      undefined,
    ]
  }
>
  <Text
    style={
      {
        "color": "#ffffff",
        "fontSize": 15.75,
        "fontWeight": "700",
      }
    }
  >
    Some text here
  </Text>
</View>
`;
