// Jest Snapshot v1, https://goo.gl/fbAQLP

exports[`Snapshot test for the "UIButton" component renders correctly 1`] = `
<View
  accessible={true}
  focusable={false}
  onClick={[Function]}
  onResponderGrant={[Function]}
  onResponderMove={[Function]}
  onResponderRelease={[Function]}
  onResponderTerminate={[Function]}
  onResponderTerminationRequest={[Function]}
  onStartShouldSetResponder={[Function]}
  style={
    Object {
      "opacity": 1,
    }
  }
>
  <View
    style={
      Object {
        "alignItems": "center",
        "backgroundColor": "#7239F2",
        "borderRadius": 20,
        "height": 40,
        "justifyContent": "center",
        "width": 577.5,
      }
    }
  >
    <Text
      style={
        Object {
          "color": "#FFFFFF",
          "fontSize": 16,
          "fontWeight": "600",
        }
      }
    >
      Some text here
    </Text>
  </View>
</View>
`;
