// Jest Snapshot v1, https://goo.gl/fbAQLP

exports[`Snapshot test for the "UIHeader" component renders correctly 1`] = `
<Text
  style={
    Object {
      "color": "#000000",
      "fontSize": 24,
      "fontWeight": "600",
      "marginBottom": 2,
      "marginTop": 2,
      "paddingBottom": 2,
      "paddingTop": 2,
    }
  }
>
  Some text here
</Text>
`;
