// Jest Snapshot v1, https://goo.gl/fbAQLP

exports[`Snapshot test for the "UIText" component renders correctly 1`] = `
<View
  elevated={true}
  style={
    Array [
      Object {
        "aspectRatio": 1,
        "backgroundColor": "#ffffff",
        "borderRadius": 4,
      },
      Object {
        "height": 40,
        "padding": 10,
      },
      Object {
        "borderRadius": 20,
      },
      Object {
        "elevation": 8,
        "shadowColor": "#000000",
        "shadowOffset": Object {
          "height": 10,
          "width": 0,
        },
        "shadowOpacity": 0.1,
        "shadowRadius": 6,
      },
      undefined,
      undefined,
    ]
  }
>
  <View
    style={
      Array [
        Object {
          "overflow": "hidden",
        },
        Array [
          Object {
            "height": undefined,
            "width": undefined,
          },
          Object {
            "height": "100%",
            "tintColor": "#39a4f2",
            "width": "100%",
          },
          undefined,
          undefined,
        ],
      ]
    }
  >
    <FastImageView
      resizeMode="contain"
      source={
        Object {
          "uri": "",
        }
      }
      style={
        Object {
          "bottom": 0,
          "left": 0,
          "position": "absolute",
          "right": 0,
          "top": 0,
        }
      }
    />
  </View>
</View>
`;
