// Jest Snapshot v1, https://goo.gl/fbAQLP

exports[`Snapshot test for the "UIImage" component renders correctly 1`] = `
<View
  style={
    Array [
      Object {
        "overflow": "hidden",
      },
      Array [
        Object {
          "height": undefined,
          "width": undefined,
        },
        undefined,
      ],
    ]
  }
>
  <FastImageView
    resizeMode="contain"
    source={
      Object {
        "uri": "https://placeimg.com/140/140/people",
      }
    }
    style={
      Object {
        "bottom": 0,
        "left": 0,
        "position": "absolute",
        "right": 0,
        "top": 0,
      }
    }
  />
</View>
`;
