// Jest Snapshot v1, https://goo.gl/fbAQLP

exports[`Snapshot test for the "UIInput" component renders correctly 1`] = `
<TextInput
  active={true}
  onBlur={[Function]}
  onFocus={[Function]}
  placeholder="Some text here"
  placeholderTextColor="#c4c4c4"
  style={
    Array [
      Object {
        "borderBottomWidth": 2,
        "color": "#000000",
        "fontSize": 19.93359375,
        "fontWeight": "700",
        "height": 60,
        "marginBottom": 10,
        "marginTop": 10,
        "width": "100%",
      },
      Object {
        "borderBottomColor": "#c4c4c4",
      },
    ]
  }
/>
`;
