// Jest Snapshot v1, https://goo.gl/fbAQLP

exports[`Snapshot test for the "UIText" component renders correctly 1`] = `
<View
  style={
    Array [
      Object {
        "backgroundColor": "#FFFFFF",
        "borderRadius": 10,
        "flex": 1,
        "marginBottom": 8,
        "marginTop": 8,
        "minHeight": 64,
        "paddingLeft": 20,
        "paddingRight": 20,
      },
      Object {
        "alignItems": "center",
        "display": "flex",
        "flexDirection": "row",
        "justifyContent": "space-between",
      },
    ]
  }
>
  <Text
    style={
      Object {
        "color": "#000000",
        "fontSize": 12,
        "fontWeight": "500",
        "paddingBottom": 12,
        "paddingTop": 12,
      }
    }
  >
    Some text here
  </Text>
  <View
    style={
      Object {
        "alignItems": "center",
        "display": "flex",
        "flexDirection": "row",
        "justifyContent": "center",
      }
    }
  >
    <View
      style={
        Object {
          "alignItems": "center",
          "backgroundColor": "#EFF1F3",
          "borderRadius": 8,
          "display": "flex",
          "height": 20,
          "justifyContent": "center",
          "marginRight": 4,
          "minWidth": 20,
          "padding": 4,
        }
      }
    >
      <Text
        style={
          Object {
            "color": "#000000",
            "fontSize": 10,
            "fontWeight": "600",
          }
        }
      >
        2
      </Text>
    </View>
    <Image
      resizeMode="contain"
      source={
        Object {
          "uri": "",
        }
      }
      style={
        Object {
          "maxHeight": 12,
          "maxWidth": 12,
        }
      }
    />
  </View>
</View>
`;
