// Jest Snapshot v1, https://goo.gl/fbAQLP

exports[`Snapshot test for the "UIText" component renders correctly 1`] = `
<View
  style={
    [
      {
        "backgroundColor": "#ffffff",
        "borderRadius": 6,
        "flex": 1,
        "marginBottom": 8,
        "marginTop": 8,
        "minHeight": 64,
        "overflow": "hidden",
        "paddingLeft": 20,
        "paddingRight": 20,
      },
      {
        "alignItems": "center",
        "flexDirection": "row",
        "justifyContent": "space-between",
      },
      undefined,
      undefined,
      undefined,
    ]
  }
>
  <View
    style={
      {
        "alignItems": "center",
        "flex": 1,
        "flexDirection": "row",
        "justifyContent": "flex-start",
      }
    }
  >
    <Text
      style={
        [
          {
            "color": "#000000",
            "fontSize": 14,
            "fontWeight": "500",
          },
          undefined,
          undefined,
          undefined,
        ]
      }
    >
      Some text here
    </Text>
  </View>
  <View
    style={
      {
        "alignItems": "center",
        "flexDirection": "row",
        "justifyContent": "center",
      }
    }
  >
    <View
      style={
        {
          "alignItems": "center",
          "backgroundColor": "#eff1f3",
          "borderRadius": 8,
          "height": 20,
          "justifyContent": "center",
          "marginRight": 4,
          "minWidth": 20,
          "padding": 4,
        }
      }
    >
      <Text
        style={
          [
            {
              "color": "#000000",
              "fontSize": 9.832647462277093,
              "fontWeight": "700",
            },
            undefined,
          ]
        }
      >
        2
      </Text>
    </View>
    <SvgMock
      fill="#474545"
      height={12}
      width={12}
    />
  </View>
</View>
`;
