// Jest Snapshot v1, https://goo.gl/fbAQLP

exports[`Snapshot test for the "UIMessage" component renders correctly 1`] = `
Array [
  <View
    style={
      Array [
        Object {
          "backgroundColor": "#ffffff",
          "borderRadius": 6,
          "flex": 1,
          "marginBottom": 8,
          "marginTop": 8,
          "minHeight": 64,
          "overflow": "hidden",
          "paddingLeft": 20,
          "paddingRight": 20,
        },
        Object {
          "alignItems": "center",
          "flexDirection": "row",
          "justifyContent": "space-between",
        },
        undefined,
        Object {
          "backgroundColor": "#39a4f2",
        },
        undefined,
      ]
    }
  >
    <View
      style={
        Object {
          "alignItems": "center",
          "flex": 1,
          "flexDirection": "row",
          "justifyContent": "flex-start",
        }
      }
    >
      <View
        style={
          Object {
            "flex": 1,
          }
        }
      >
        <View
          style={
            Object {
              "flexDirection": "row",
              "justifyContent": "space-between",
            }
          }
        >
          <Text
            numberOfLines={1}
            style={
              Array [
                Object {
                  "color": "#000000",
                  "fontSize": 14,
                  "fontWeight": "500",
                  "paddingBottom": 3,
                },
                Object {
                  "color": "#ffffff",
                },
              ]
            }
          >
            Cat: Snowball
          </Text>
        </View>
        <View
          style={
            Object {
              "flexDirection": "row",
              "justifyContent": "space-between",
              "paddingTop": 3,
            }
          }
        >
          <Text
            numberOfLines={1}
            style={
              Array [
                Object {
                  "fontSize": 12,
                  "fontWeight": "200",
                },
                Object {
                  "color": "#ffffff",
                },
              ]
            }
          >
            It is a long established fact that a reader will be distracted by 
the readable content of a page when looking at its layout. The 
point of using Lorem Ipsum is that it has a more-or-less normal 
distribution of letters, as opposed to using 'Content here, 
content here', making it look like readable English. Many desktop 
publishing packages and web page editors now use Lorem Ipsum as 
their default model text, and a search for 'lorem ipsum' will 
uncover many web sites still in their infancy. Various versions 
have evolved over the years, sometimes by accident, sometimes on 
purpose (injected humour and the like). 
          </Text>
          <Text
            numberOfLines={1}
            style={
              Array [
                Object {
                  "fontSize": 12,
                },
                Object {
                  "color": "#ffffff",
                },
              ]
            }
          >
            johnnyeyelash
          </Text>
        </View>
      </View>
    </View>
    <View
      style={
        Object {
          "alignItems": "center",
          "flexDirection": "row",
          "justifyContent": "center",
        }
      }
    />
  </View>,
  <View
    style={
      Array [
        Object {
          "backgroundColor": "#ffffff",
          "borderRadius": 6,
          "flex": 1,
          "marginBottom": 8,
          "marginTop": 8,
          "minHeight": 64,
          "overflow": "hidden",
          "paddingLeft": 20,
          "paddingRight": 20,
        },
        Object {
          "alignItems": "center",
          "flexDirection": "row",
          "justifyContent": "space-between",
        },
        undefined,
        undefined,
        undefined,
      ]
    }
  >
    <View
      style={
        Object {
          "alignItems": "center",
          "flex": 1,
          "flexDirection": "row",
          "justifyContent": "flex-start",
        }
      }
    >
      <View
        style={
          Object {
            "flex": 1,
          }
        }
      >
        <View
          style={
            Object {
              "flexDirection": "row",
              "justifyContent": "space-between",
            }
          }
        >
          <Text
            numberOfLines={1}
            style={
              Array [
                Object {
                  "color": "#000000",
                  "fontSize": 14,
                  "fontWeight": "500",
                  "paddingBottom": 3,
                },
                undefined,
              ]
            }
          >
            Cat: Snowball
          </Text>
        </View>
        <View
          style={
            Object {
              "flexDirection": "row",
              "justifyContent": "space-between",
              "paddingTop": 3,
            }
          }
        >
          <Text
            numberOfLines={1}
            style={
              Array [
                Object {
                  "fontSize": 12,
                  "fontWeight": "200",
                },
                undefined,
              ]
            }
          >
            It is a long established fact that a reader will be distracted by 
the readable content of a page when looking at its layout. The 
point of using Lorem Ipsum is that it has a more-or-less normal 
distribution of letters, as opposed to using 'Content here, 
content here', making it look like readable English. Many desktop 
publishing packages and web page editors now use Lorem Ipsum as 
their default model text, and a search for 'lorem ipsum' will 
uncover many web sites still in their infancy. Various versions 
have evolved over the years, sometimes by accident, sometimes on 
purpose (injected humour and the like). 
          </Text>
          <Text
            numberOfLines={1}
            style={
              Array [
                Object {
                  "fontSize": 12,
                },
                undefined,
              ]
            }
          >
            johnnyeyelash
          </Text>
        </View>
      </View>
    </View>
    <View
      style={
        Object {
          "alignItems": "center",
          "flexDirection": "row",
          "justifyContent": "center",
        }
      }
    />
  </View>,
  <View
    style={
      Array [
        Object {
          "backgroundColor": "#ffffff",
          "borderRadius": 6,
          "flex": 1,
          "marginBottom": 8,
          "marginTop": 8,
          "minHeight": 64,
          "overflow": "hidden",
          "paddingLeft": 20,
          "paddingRight": 20,
        },
        Object {
          "alignItems": "center",
          "flexDirection": "row",
          "justifyContent": "space-between",
        },
        undefined,
        undefined,
        undefined,
      ]
    }
  >
    <View
      style={
        Object {
          "alignItems": "center",
          "flex": 1,
          "flexDirection": "row",
          "justifyContent": "flex-start",
        }
      }
    >
      <View
        style={
          Object {
            "flex": 1,
          }
        }
      >
        <View
          style={
            Object {
              "flexDirection": "row",
              "justifyContent": "space-between",
            }
          }
        >
          <Text
            numberOfLines={1}
            style={
              Array [
                Object {
                  "color": "#000000",
                  "fontSize": 14,
                  "fontWeight": "500",
                  "paddingBottom": 3,
                },
                undefined,
              ]
            }
          >
            Cat: Snowball
          </Text>
        </View>
        <View
          style={
            Object {
              "flexDirection": "row",
              "justifyContent": "space-between",
              "paddingTop": 3,
            }
          }
        >
          <Text
            numberOfLines={1}
            style={
              Array [
                Object {
                  "fontSize": 12,
                  "fontWeight": "200",
                },
                undefined,
              ]
            }
          >
            It is a long established fact that a reader will be distracted by 
the readable content of a page when looking at its layout. The 
point of using Lorem Ipsum is that it has a more-or-less normal 
distribution of letters, as opposed to using 'Content here, 
content here', making it look like readable English. Many desktop 
publishing packages and web page editors now use Lorem Ipsum as 
their default model text, and a search for 'lorem ipsum' will 
uncover many web sites still in their infancy. Various versions 
have evolved over the years, sometimes by accident, sometimes on 
purpose (injected humour and the like). 
          </Text>
          <Text
            numberOfLines={1}
            style={
              Array [
                Object {
                  "fontSize": 12,
                },
                undefined,
              ]
            }
          >
            johnnyeyelash
          </Text>
        </View>
      </View>
    </View>
    <View
      style={
        Object {
          "alignItems": "center",
          "flexDirection": "row",
          "justifyContent": "center",
        }
      }
    />
  </View>,
  <View
    style={
      Array [
        Object {
          "backgroundColor": "#ffffff",
          "borderRadius": 6,
          "flex": 1,
          "marginBottom": 8,
          "marginTop": 8,
          "minHeight": 64,
          "overflow": "hidden",
          "paddingLeft": 20,
          "paddingRight": 20,
        },
        Object {
          "alignItems": "center",
          "flexDirection": "row",
          "justifyContent": "space-between",
        },
        undefined,
        undefined,
        undefined,
      ]
    }
  >
    <View
      style={
        Object {
          "alignItems": "center",
          "flex": 1,
          "flexDirection": "row",
          "justifyContent": "flex-start",
        }
      }
    >
      <View
        style={
          Object {
            "flex": 1,
          }
        }
      >
        <View
          style={
            Object {
              "flexDirection": "row",
              "justifyContent": "space-between",
            }
          }
        >
          <Text
            numberOfLines={1}
            style={
              Array [
                Object {
                  "color": "#000000",
                  "fontSize": 14,
                  "fontWeight": "500",
                  "paddingBottom": 3,
                },
                undefined,
              ]
            }
          >
            Cat: Snowball
          </Text>
        </View>
        <View
          style={
            Object {
              "flexDirection": "row",
              "justifyContent": "space-between",
              "paddingTop": 3,
            }
          }
        >
          <Text
            numberOfLines={1}
            style={
              Array [
                Object {
                  "fontSize": 12,
                  "fontWeight": "200",
                },
                undefined,
              ]
            }
          >
            It is a long established fact that a reader will be distracted by 
the readable content of a page when looking at its layout. The 
point of using Lorem Ipsum is that it has a more-or-less normal 
distribution of letters, as opposed to using 'Content here, 
content here', making it look like readable English. Many desktop 
publishing packages and web page editors now use Lorem Ipsum as 
their default model text, and a search for 'lorem ipsum' will 
uncover many web sites still in their infancy. Various versions 
have evolved over the years, sometimes by accident, sometimes on 
purpose (injected humour and the like). 
          </Text>
          <Text
            numberOfLines={1}
            style={
              Array [
                Object {
                  "fontSize": 12,
                },
                undefined,
              ]
            }
          >
            johnnyeyelash
          </Text>
        </View>
      </View>
    </View>
    <View
      style={
        Object {
          "alignItems": "center",
          "flexDirection": "row",
          "justifyContent": "center",
        }
      }
    />
  </View>,
  <View
    style={
      Array [
        Object {
          "backgroundColor": "#ffffff",
          "borderRadius": 6,
          "flex": 1,
          "marginBottom": 8,
          "marginTop": 8,
          "minHeight": 64,
          "overflow": "hidden",
          "paddingLeft": 20,
          "paddingRight": 20,
        },
        Object {
          "alignItems": "center",
          "flexDirection": "row",
          "justifyContent": "space-between",
        },
        undefined,
        Object {
          "backgroundColor": "#39a4f2",
        },
        undefined,
      ]
    }
  >
    <View
      style={
        Object {
          "alignItems": "center",
          "flex": 1,
          "flexDirection": "row",
          "justifyContent": "flex-start",
        }
      }
    >
      <View
        style={
          Object {
            "flex": 1,
          }
        }
      >
        <View
          style={
            Object {
              "flexDirection": "row",
              "justifyContent": "space-between",
            }
          }
        >
          <Text
            numberOfLines={1}
            style={
              Array [
                Object {
                  "color": "#000000",
                  "fontSize": 14,
                  "fontWeight": "500",
                  "paddingBottom": 3,
                },
                Object {
                  "color": "#ffffff",
                },
              ]
            }
          >
            Cat: Snowball
          </Text>
        </View>
        <View
          style={
            Object {
              "flexDirection": "row",
              "justifyContent": "space-between",
              "paddingTop": 3,
            }
          }
        >
          <Text
            numberOfLines={1}
            style={
              Array [
                Object {
                  "fontSize": 12,
                  "fontWeight": "200",
                },
                Object {
                  "color": "#ffffff",
                },
              ]
            }
          >
            It is a long established fact that a reader will be distracted by 
the readable content of a page when looking at its layout. The 
point of using Lorem Ipsum is that it has a more-or-less normal 
distribution of letters, as opposed to using 'Content here, 
content here', making it look like readable English. Many desktop 
publishing packages and web page editors now use Lorem Ipsum as 
their default model text, and a search for 'lorem ipsum' will 
uncover many web sites still in their infancy. Various versions 
have evolved over the years, sometimes by accident, sometimes on 
purpose (injected humour and the like). 
          </Text>
          <Text
            numberOfLines={1}
            style={
              Array [
                Object {
                  "fontSize": 12,
                },
                Object {
                  "color": "#ffffff",
                },
              ]
            }
          >
            johnnyeyelash
          </Text>
        </View>
      </View>
    </View>
    <View
      style={
        Object {
          "alignItems": "center",
          "flexDirection": "row",
          "justifyContent": "center",
        }
      }
    />
  </View>,
  <View
    style={
      Array [
        Object {
          "backgroundColor": "#ffffff",
          "borderRadius": 6,
          "flex": 1,
          "marginBottom": 8,
          "marginTop": 8,
          "minHeight": 64,
          "overflow": "hidden",
          "paddingLeft": 20,
          "paddingRight": 20,
        },
        Object {
          "alignItems": "center",
          "flexDirection": "row",
          "justifyContent": "space-between",
        },
        undefined,
        undefined,
        undefined,
      ]
    }
  >
    <View
      style={
        Object {
          "alignItems": "center",
          "flex": 1,
          "flexDirection": "row",
          "justifyContent": "flex-start",
        }
      }
    >
      <View
        style={
          Object {
            "flex": 1,
          }
        }
      >
        <View
          style={
            Object {
              "flexDirection": "row",
              "justifyContent": "space-between",
            }
          }
        >
          <Text
            numberOfLines={1}
            style={
              Array [
                Object {
                  "color": "#000000",
                  "fontSize": 14,
                  "fontWeight": "500",
                  "paddingBottom": 3,
                },
                undefined,
              ]
            }
          >
            Cat: Snowball
          </Text>
        </View>
        <View
          style={
            Object {
              "flexDirection": "row",
              "justifyContent": "space-between",
              "paddingTop": 3,
            }
          }
        >
          <Text
            numberOfLines={1}
            style={
              Array [
                Object {
                  "fontSize": 12,
                  "fontWeight": "200",
                },
                undefined,
              ]
            }
          >
            It is a long established fact that a reader will be distracted by 
the readable content of a page when looking at its layout. The 
point of using Lorem Ipsum is that it has a more-or-less normal 
distribution of letters, as opposed to using 'Content here, 
content here', making it look like readable English. Many desktop 
publishing packages and web page editors now use Lorem Ipsum as 
their default model text, and a search for 'lorem ipsum' will 
uncover many web sites still in their infancy. Various versions 
have evolved over the years, sometimes by accident, sometimes on 
purpose (injected humour and the like). 
          </Text>
          <Text
            numberOfLines={1}
            style={
              Array [
                Object {
                  "fontSize": 12,
                },
                undefined,
              ]
            }
          >
            johnnyeyelash
          </Text>
        </View>
      </View>
    </View>
    <View
      style={
        Object {
          "alignItems": "center",
          "flexDirection": "row",
          "justifyContent": "center",
        }
      }
    />
  </View>,
  <View
    style={
      Array [
        Object {
          "backgroundColor": "#ffffff",
          "borderRadius": 6,
          "flex": 1,
          "marginBottom": 8,
          "marginTop": 8,
          "minHeight": 64,
          "overflow": "hidden",
          "paddingLeft": 20,
          "paddingRight": 20,
        },
        Object {
          "alignItems": "center",
          "flexDirection": "row",
          "justifyContent": "space-between",
        },
        undefined,
        undefined,
        undefined,
      ]
    }
  >
    <View
      style={
        Object {
          "alignItems": "center",
          "flex": 1,
          "flexDirection": "row",
          "justifyContent": "flex-start",
        }
      }
    >
      <View
        style={
          Object {
            "flex": 1,
          }
        }
      >
        <View
          style={
            Object {
              "flexDirection": "row",
              "justifyContent": "space-between",
            }
          }
        >
          <Text
            numberOfLines={1}
            style={
              Array [
                Object {
                  "color": "#000000",
                  "fontSize": 14,
                  "fontWeight": "500",
                  "paddingBottom": 3,
                },
                undefined,
              ]
            }
          >
            Cat: Snowball
          </Text>
        </View>
        <View
          style={
            Object {
              "flexDirection": "row",
              "justifyContent": "space-between",
              "paddingTop": 3,
            }
          }
        >
          <Text
            numberOfLines={1}
            style={
              Array [
                Object {
                  "fontSize": 12,
                  "fontWeight": "200",
                },
                undefined,
              ]
            }
          >
            It is a long established fact that a reader will be distracted by 
the readable content of a page when looking at its layout. The 
point of using Lorem Ipsum is that it has a more-or-less normal 
distribution of letters, as opposed to using 'Content here, 
content here', making it look like readable English. Many desktop 
publishing packages and web page editors now use Lorem Ipsum as 
their default model text, and a search for 'lorem ipsum' will 
uncover many web sites still in their infancy. Various versions 
have evolved over the years, sometimes by accident, sometimes on 
purpose (injected humour and the like). 
          </Text>
          <Text
            numberOfLines={1}
            style={
              Array [
                Object {
                  "fontSize": 12,
                },
                undefined,
              ]
            }
          >
            johnnyeyelash
          </Text>
        </View>
      </View>
    </View>
    <View
      style={
        Object {
          "alignItems": "center",
          "flexDirection": "row",
          "justifyContent": "center",
        }
      }
    />
  </View>,
  <View
    style={
      Array [
        Object {
          "backgroundColor": "#ffffff",
          "borderRadius": 6,
          "flex": 1,
          "marginBottom": 8,
          "marginTop": 8,
          "minHeight": 64,
          "overflow": "hidden",
          "paddingLeft": 20,
          "paddingRight": 20,
        },
        Object {
          "alignItems": "center",
          "flexDirection": "row",
          "justifyContent": "space-between",
        },
        undefined,
        undefined,
        undefined,
      ]
    }
  >
    <View
      style={
        Object {
          "alignItems": "center",
          "flex": 1,
          "flexDirection": "row",
          "justifyContent": "flex-start",
        }
      }
    >
      <View
        style={
          Object {
            "flex": 1,
          }
        }
      >
        <View
          style={
            Object {
              "flexDirection": "row",
              "justifyContent": "space-between",
            }
          }
        >
          <Text
            numberOfLines={1}
            style={
              Array [
                Object {
                  "color": "#000000",
                  "fontSize": 14,
                  "fontWeight": "500",
                  "paddingBottom": 3,
                },
                undefined,
              ]
            }
          >
            Cat: Snowball
          </Text>
        </View>
        <View
          style={
            Object {
              "flexDirection": "row",
              "justifyContent": "space-between",
              "paddingTop": 3,
            }
          }
        >
          <Text
            numberOfLines={1}
            style={
              Array [
                Object {
                  "fontSize": 12,
                  "fontWeight": "200",
                },
                undefined,
              ]
            }
          >
            It is a long established fact that a reader will be distracted by 
the readable content of a page when looking at its layout. The 
point of using Lorem Ipsum is that it has a more-or-less normal 
distribution of letters, as opposed to using 'Content here, 
content here', making it look like readable English. Many desktop 
publishing packages and web page editors now use Lorem Ipsum as 
their default model text, and a search for 'lorem ipsum' will 
uncover many web sites still in their infancy. Various versions 
have evolved over the years, sometimes by accident, sometimes on 
purpose (injected humour and the like). 
          </Text>
          <Text
            numberOfLines={1}
            style={
              Array [
                Object {
                  "fontSize": 12,
                },
                undefined,
              ]
            }
          >
            johnnyeyelash
          </Text>
        </View>
      </View>
    </View>
    <View
      style={
        Object {
          "alignItems": "center",
          "flexDirection": "row",
          "justifyContent": "center",
        }
      }
    />
  </View>,
  <View
    style={
      Array [
        Object {
          "backgroundColor": "#ffffff",
          "borderRadius": 6,
          "flex": 1,
          "marginBottom": 8,
          "marginTop": 8,
          "minHeight": 64,
          "overflow": "hidden",
          "paddingLeft": 20,
          "paddingRight": 20,
        },
        Object {
          "alignItems": "center",
          "flexDirection": "row",
          "justifyContent": "space-between",
        },
        undefined,
        Object {
          "backgroundColor": "#39a4f2",
        },
        undefined,
      ]
    }
  >
    <View
      style={
        Object {
          "alignItems": "center",
          "flex": 1,
          "flexDirection": "row",
          "justifyContent": "flex-start",
        }
      }
    >
      <View
        style={
          Object {
            "flex": 1,
          }
        }
      >
        <View
          style={
            Object {
              "flexDirection": "row",
              "justifyContent": "space-between",
            }
          }
        >
          <Text
            numberOfLines={1}
            style={
              Array [
                Object {
                  "color": "#000000",
                  "fontSize": 14,
                  "fontWeight": "500",
                  "paddingBottom": 3,
                },
                Object {
                  "color": "#ffffff",
                },
              ]
            }
          >
            Cat: Snowball
          </Text>
        </View>
        <View
          style={
            Object {
              "flexDirection": "row",
              "justifyContent": "space-between",
              "paddingTop": 3,
            }
          }
        >
          <Text
            numberOfLines={1}
            style={
              Array [
                Object {
                  "fontSize": 12,
                  "fontWeight": "200",
                },
                Object {
                  "color": "#ffffff",
                },
              ]
            }
          >
            It is a long established fact that a reader will be distracted by 
the readable content of a page when looking at its layout. The 
point of using Lorem Ipsum is that it has a more-or-less normal 
distribution of letters, as opposed to using 'Content here, 
content here', making it look like readable English. Many desktop 
publishing packages and web page editors now use Lorem Ipsum as 
their default model text, and a search for 'lorem ipsum' will 
uncover many web sites still in their infancy. Various versions 
have evolved over the years, sometimes by accident, sometimes on 
purpose (injected humour and the like). 
          </Text>
          <Text
            numberOfLines={1}
            style={
              Array [
                Object {
                  "fontSize": 12,
                },
                Object {
                  "color": "#ffffff",
                },
              ]
            }
          >
            johnnyeyelash
          </Text>
        </View>
      </View>
    </View>
    <View
      style={
        Object {
          "alignItems": "center",
          "flexDirection": "row",
          "justifyContent": "center",
        }
      }
    />
  </View>,
  <View
    style={
      Array [
        Object {
          "backgroundColor": "#ffffff",
          "borderRadius": 6,
          "flex": 1,
          "marginBottom": 8,
          "marginTop": 8,
          "minHeight": 64,
          "overflow": "hidden",
          "paddingLeft": 20,
          "paddingRight": 20,
        },
        Object {
          "alignItems": "center",
          "flexDirection": "row",
          "justifyContent": "space-between",
        },
        undefined,
        undefined,
        undefined,
      ]
    }
  >
    <View
      style={
        Object {
          "alignItems": "center",
          "flex": 1,
          "flexDirection": "row",
          "justifyContent": "flex-start",
        }
      }
    >
      <View
        style={
          Object {
            "flex": 1,
          }
        }
      >
        <View
          style={
            Object {
              "flexDirection": "row",
              "justifyContent": "space-between",
            }
          }
        >
          <Text
            numberOfLines={1}
            style={
              Array [
                Object {
                  "color": "#000000",
                  "fontSize": 14,
                  "fontWeight": "500",
                  "paddingBottom": 3,
                },
                undefined,
              ]
            }
          >
            Cat: Snowball
          </Text>
        </View>
        <View
          style={
            Object {
              "flexDirection": "row",
              "justifyContent": "space-between",
              "paddingTop": 3,
            }
          }
        >
          <Text
            numberOfLines={1}
            style={
              Array [
                Object {
                  "fontSize": 12,
                  "fontWeight": "200",
                },
                undefined,
              ]
            }
          >
            It is a long established fact that a reader will be distracted by 
the readable content of a page when looking at its layout. The 
point of using Lorem Ipsum is that it has a more-or-less normal 
distribution of letters, as opposed to using 'Content here, 
content here', making it look like readable English. Many desktop 
publishing packages and web page editors now use Lorem Ipsum as 
their default model text, and a search for 'lorem ipsum' will 
uncover many web sites still in their infancy. Various versions 
have evolved over the years, sometimes by accident, sometimes on 
purpose (injected humour and the like). 
          </Text>
          <Text
            numberOfLines={1}
            style={
              Array [
                Object {
                  "fontSize": 12,
                },
                undefined,
              ]
            }
          >
            johnnyeyelash
          </Text>
        </View>
      </View>
    </View>
    <View
      style={
        Object {
          "alignItems": "center",
          "flexDirection": "row",
          "justifyContent": "center",
        }
      }
    />
  </View>,
  <View
    style={
      Array [
        Object {
          "backgroundColor": "#ffffff",
          "borderRadius": 6,
          "flex": 1,
          "marginBottom": 8,
          "marginTop": 8,
          "minHeight": 64,
          "overflow": "hidden",
          "paddingLeft": 20,
          "paddingRight": 20,
        },
        Object {
          "alignItems": "center",
          "flexDirection": "row",
          "justifyContent": "space-between",
        },
        undefined,
        undefined,
        undefined,
      ]
    }
  >
    <View
      style={
        Object {
          "alignItems": "center",
          "flex": 1,
          "flexDirection": "row",
          "justifyContent": "flex-start",
        }
      }
    >
      <View
        style={
          Object {
            "flex": 1,
          }
        }
      >
        <View
          style={
            Object {
              "flexDirection": "row",
              "justifyContent": "space-between",
            }
          }
        >
          <Text
            numberOfLines={1}
            style={
              Array [
                Object {
                  "color": "#000000",
                  "fontSize": 14,
                  "fontWeight": "500",
                  "paddingBottom": 3,
                },
                undefined,
              ]
            }
          >
            Cat: Snowball
          </Text>
        </View>
        <View
          style={
            Object {
              "flexDirection": "row",
              "justifyContent": "space-between",
              "paddingTop": 3,
            }
          }
        >
          <Text
            numberOfLines={1}
            style={
              Array [
                Object {
                  "fontSize": 12,
                  "fontWeight": "200",
                },
                undefined,
              ]
            }
          >
            It is a long established fact that a reader will be distracted by 
the readable content of a page when looking at its layout. The 
point of using Lorem Ipsum is that it has a more-or-less normal 
distribution of letters, as opposed to using 'Content here, 
content here', making it look like readable English. Many desktop 
publishing packages and web page editors now use Lorem Ipsum as 
their default model text, and a search for 'lorem ipsum' will 
uncover many web sites still in their infancy. Various versions 
have evolved over the years, sometimes by accident, sometimes on 
purpose (injected humour and the like). 
          </Text>
          <Text
            numberOfLines={1}
            style={
              Array [
                Object {
                  "fontSize": 12,
                },
                undefined,
              ]
            }
          >
            johnnyeyelash
          </Text>
        </View>
      </View>
    </View>
    <View
      style={
        Object {
          "alignItems": "center",
          "flexDirection": "row",
          "justifyContent": "center",
        }
      }
    />
  </View>,
  <View
    style={
      Array [
        Object {
          "backgroundColor": "#ffffff",
          "borderRadius": 6,
          "flex": 1,
          "marginBottom": 8,
          "marginTop": 8,
          "minHeight": 64,
          "overflow": "hidden",
          "paddingLeft": 20,
          "paddingRight": 20,
        },
        Object {
          "alignItems": "center",
          "flexDirection": "row",
          "justifyContent": "space-between",
        },
        undefined,
        undefined,
        undefined,
      ]
    }
  >
    <View
      style={
        Object {
          "alignItems": "center",
          "flex": 1,
          "flexDirection": "row",
          "justifyContent": "flex-start",
        }
      }
    >
      <View
        style={
          Object {
            "flex": 1,
          }
        }
      >
        <View
          style={
            Object {
              "flexDirection": "row",
              "justifyContent": "space-between",
            }
          }
        >
          <Text
            numberOfLines={1}
            style={
              Array [
                Object {
                  "color": "#000000",
                  "fontSize": 14,
                  "fontWeight": "500",
                  "paddingBottom": 3,
                },
                undefined,
              ]
            }
          >
            Cat: Snowball
          </Text>
        </View>
        <View
          style={
            Object {
              "flexDirection": "row",
              "justifyContent": "space-between",
              "paddingTop": 3,
            }
          }
        >
          <Text
            numberOfLines={1}
            style={
              Array [
                Object {
                  "fontSize": 12,
                  "fontWeight": "200",
                },
                undefined,
              ]
            }
          >
            It is a long established fact that a reader will be distracted by 
the readable content of a page when looking at its layout. The 
point of using Lorem Ipsum is that it has a more-or-less normal 
distribution of letters, as opposed to using 'Content here, 
content here', making it look like readable English. Many desktop 
publishing packages and web page editors now use Lorem Ipsum as 
their default model text, and a search for 'lorem ipsum' will 
uncover many web sites still in their infancy. Various versions 
have evolved over the years, sometimes by accident, sometimes on 
purpose (injected humour and the like). 
          </Text>
          <Text
            numberOfLines={1}
            style={
              Array [
                Object {
                  "fontSize": 12,
                },
                undefined,
              ]
            }
          >
            johnnyeyelash
          </Text>
        </View>
      </View>
    </View>
    <View
      style={
        Object {
          "alignItems": "center",
          "flexDirection": "row",
          "justifyContent": "center",
        }
      }
    />
  </View>,
  <View
    style={
      Array [
        Object {
          "backgroundColor": "#ffffff",
          "borderRadius": 6,
          "flex": 1,
          "marginBottom": 8,
          "marginTop": 8,
          "minHeight": 64,
          "overflow": "hidden",
          "paddingLeft": 20,
          "paddingRight": 20,
        },
        Object {
          "alignItems": "center",
          "flexDirection": "row",
          "justifyContent": "space-between",
        },
        undefined,
        Object {
          "backgroundColor": "#39a4f2",
        },
        undefined,
      ]
    }
  >
    <View
      style={
        Object {
          "alignItems": "center",
          "flex": 1,
          "flexDirection": "row",
          "justifyContent": "flex-start",
        }
      }
    >
      <View
        style={
          Object {
            "flex": 1,
          }
        }
      >
        <View
          style={
            Object {
              "flexDirection": "row",
              "justifyContent": "space-between",
            }
          }
        >
          <Text
            numberOfLines={1}
            style={
              Array [
                Object {
                  "color": "#000000",
                  "fontSize": 14,
                  "fontWeight": "500",
                  "paddingBottom": 3,
                },
                Object {
                  "color": "#ffffff",
                },
              ]
            }
          >
            Cat: Snowball
          </Text>
        </View>
        <View
          style={
            Object {
              "flexDirection": "row",
              "justifyContent": "space-between",
              "paddingTop": 3,
            }
          }
        >
          <Text
            numberOfLines={1}
            style={
              Array [
                Object {
                  "fontSize": 12,
                  "fontWeight": "200",
                },
                Object {
                  "color": "#ffffff",
                },
              ]
            }
          >
            It is a long established fact that a reader will be distracted by 
the readable content of a page when looking at its layout. The 
point of using Lorem Ipsum is that it has a more-or-less normal 
distribution of letters, as opposed to using 'Content here, 
content here', making it look like readable English. Many desktop 
publishing packages and web page editors now use Lorem Ipsum as 
their default model text, and a search for 'lorem ipsum' will 
uncover many web sites still in their infancy. Various versions 
have evolved over the years, sometimes by accident, sometimes on 
purpose (injected humour and the like). 
          </Text>
          <Text
            numberOfLines={1}
            style={
              Array [
                Object {
                  "fontSize": 12,
                },
                Object {
                  "color": "#ffffff",
                },
              ]
            }
          >
            johnnyeyelash
          </Text>
        </View>
      </View>
    </View>
    <View
      style={
        Object {
          "alignItems": "center",
          "flexDirection": "row",
          "justifyContent": "center",
        }
      }
    />
  </View>,
  <View
    style={
      Array [
        Object {
          "backgroundColor": "#ffffff",
          "borderRadius": 6,
          "flex": 1,
          "marginBottom": 8,
          "marginTop": 8,
          "minHeight": 64,
          "overflow": "hidden",
          "paddingLeft": 20,
          "paddingRight": 20,
        },
        Object {
          "alignItems": "center",
          "flexDirection": "row",
          "justifyContent": "space-between",
        },
        undefined,
        undefined,
        undefined,
      ]
    }
  >
    <View
      style={
        Object {
          "alignItems": "center",
          "flex": 1,
          "flexDirection": "row",
          "justifyContent": "flex-start",
        }
      }
    >
      <View
        style={
          Object {
            "flex": 1,
          }
        }
      >
        <View
          style={
            Object {
              "flexDirection": "row",
              "justifyContent": "space-between",
            }
          }
        >
          <Text
            numberOfLines={1}
            style={
              Array [
                Object {
                  "color": "#000000",
                  "fontSize": 14,
                  "fontWeight": "500",
                  "paddingBottom": 3,
                },
                undefined,
              ]
            }
          >
            Cat: Snowball
          </Text>
        </View>
        <View
          style={
            Object {
              "flexDirection": "row",
              "justifyContent": "space-between",
              "paddingTop": 3,
            }
          }
        >
          <Text
            numberOfLines={1}
            style={
              Array [
                Object {
                  "fontSize": 12,
                  "fontWeight": "200",
                },
                undefined,
              ]
            }
          >
            It is a long established fact that a reader will be distracted by 
the readable content of a page when looking at its layout. The 
point of using Lorem Ipsum is that it has a more-or-less normal 
distribution of letters, as opposed to using 'Content here, 
content here', making it look like readable English. Many desktop 
publishing packages and web page editors now use Lorem Ipsum as 
their default model text, and a search for 'lorem ipsum' will 
uncover many web sites still in their infancy. Various versions 
have evolved over the years, sometimes by accident, sometimes on 
purpose (injected humour and the like). 
          </Text>
          <Text
            numberOfLines={1}
            style={
              Array [
                Object {
                  "fontSize": 12,
                },
                undefined,
              ]
            }
          >
            johnnyeyelash
          </Text>
        </View>
      </View>
    </View>
    <View
      style={
        Object {
          "alignItems": "center",
          "flexDirection": "row",
          "justifyContent": "center",
        }
      }
    />
  </View>,
  <View
    style={
      Array [
        Object {
          "backgroundColor": "#ffffff",
          "borderRadius": 6,
          "flex": 1,
          "marginBottom": 8,
          "marginTop": 8,
          "minHeight": 64,
          "overflow": "hidden",
          "paddingLeft": 20,
          "paddingRight": 20,
        },
        Object {
          "alignItems": "center",
          "flexDirection": "row",
          "justifyContent": "space-between",
        },
        undefined,
        undefined,
        undefined,
      ]
    }
  >
    <View
      style={
        Object {
          "alignItems": "center",
          "flex": 1,
          "flexDirection": "row",
          "justifyContent": "flex-start",
        }
      }
    >
      <View
        style={
          Object {
            "flex": 1,
          }
        }
      >
        <View
          style={
            Object {
              "flexDirection": "row",
              "justifyContent": "space-between",
            }
          }
        >
          <Text
            numberOfLines={1}
            style={
              Array [
                Object {
                  "color": "#000000",
                  "fontSize": 14,
                  "fontWeight": "500",
                  "paddingBottom": 3,
                },
                undefined,
              ]
            }
          >
            Cat: Snowball
          </Text>
        </View>
        <View
          style={
            Object {
              "flexDirection": "row",
              "justifyContent": "space-between",
              "paddingTop": 3,
            }
          }
        >
          <Text
            numberOfLines={1}
            style={
              Array [
                Object {
                  "fontSize": 12,
                  "fontWeight": "200",
                },
                undefined,
              ]
            }
          >
            It is a long established fact that a reader will be distracted by 
the readable content of a page when looking at its layout. The 
point of using Lorem Ipsum is that it has a more-or-less normal 
distribution of letters, as opposed to using 'Content here, 
content here', making it look like readable English. Many desktop 
publishing packages and web page editors now use Lorem Ipsum as 
their default model text, and a search for 'lorem ipsum' will 
uncover many web sites still in their infancy. Various versions 
have evolved over the years, sometimes by accident, sometimes on 
purpose (injected humour and the like). 
          </Text>
          <Text
            numberOfLines={1}
            style={
              Array [
                Object {
                  "fontSize": 12,
                },
                undefined,
              ]
            }
          >
            johnnyeyelash
          </Text>
        </View>
      </View>
    </View>
    <View
      style={
        Object {
          "alignItems": "center",
          "flexDirection": "row",
          "justifyContent": "center",
        }
      }
    />
  </View>,
  <View
    style={
      Array [
        Object {
          "backgroundColor": "#ffffff",
          "borderRadius": 6,
          "flex": 1,
          "marginBottom": 8,
          "marginTop": 8,
          "minHeight": 64,
          "overflow": "hidden",
          "paddingLeft": 20,
          "paddingRight": 20,
        },
        Object {
          "alignItems": "center",
          "flexDirection": "row",
          "justifyContent": "space-between",
        },
        undefined,
        undefined,
        undefined,
      ]
    }
  >
    <View
      style={
        Object {
          "alignItems": "center",
          "flex": 1,
          "flexDirection": "row",
          "justifyContent": "flex-start",
        }
      }
    >
      <View
        style={
          Object {
            "flex": 1,
          }
        }
      >
        <View
          style={
            Object {
              "flexDirection": "row",
              "justifyContent": "space-between",
            }
          }
        >
          <Text
            numberOfLines={1}
            style={
              Array [
                Object {
                  "color": "#000000",
                  "fontSize": 14,
                  "fontWeight": "500",
                  "paddingBottom": 3,
                },
                undefined,
              ]
            }
          >
            Cat: Snowball
          </Text>
        </View>
        <View
          style={
            Object {
              "flexDirection": "row",
              "justifyContent": "space-between",
              "paddingTop": 3,
            }
          }
        >
          <Text
            numberOfLines={1}
            style={
              Array [
                Object {
                  "fontSize": 12,
                  "fontWeight": "200",
                },
                undefined,
              ]
            }
          >
            It is a long established fact that a reader will be distracted by 
the readable content of a page when looking at its layout. The 
point of using Lorem Ipsum is that it has a more-or-less normal 
distribution of letters, as opposed to using 'Content here, 
content here', making it look like readable English. Many desktop 
publishing packages and web page editors now use Lorem Ipsum as 
their default model text, and a search for 'lorem ipsum' will 
uncover many web sites still in their infancy. Various versions 
have evolved over the years, sometimes by accident, sometimes on 
purpose (injected humour and the like). 
          </Text>
          <Text
            numberOfLines={1}
            style={
              Array [
                Object {
                  "fontSize": 12,
                },
                undefined,
              ]
            }
          >
            johnnyeyelash
          </Text>
        </View>
      </View>
    </View>
    <View
      style={
        Object {
          "alignItems": "center",
          "flexDirection": "row",
          "justifyContent": "center",
        }
      }
    />
  </View>,
  <View
    style={
      Array [
        Object {
          "backgroundColor": "#ffffff",
          "borderRadius": 6,
          "flex": 1,
          "marginBottom": 8,
          "marginTop": 8,
          "minHeight": 64,
          "overflow": "hidden",
          "paddingLeft": 20,
          "paddingRight": 20,
        },
        Object {
          "alignItems": "center",
          "flexDirection": "row",
          "justifyContent": "space-between",
        },
        undefined,
        Object {
          "backgroundColor": "#39a4f2",
        },
        undefined,
      ]
    }
  >
    <View
      style={
        Object {
          "alignItems": "center",
          "flex": 1,
          "flexDirection": "row",
          "justifyContent": "flex-start",
        }
      }
    >
      <View
        style={
          Object {
            "flex": 1,
          }
        }
      >
        <View
          style={
            Object {
              "flexDirection": "row",
              "justifyContent": "space-between",
            }
          }
        >
          <Text
            numberOfLines={1}
            style={
              Array [
                Object {
                  "color": "#000000",
                  "fontSize": 14,
                  "fontWeight": "500",
                  "paddingBottom": 3,
                },
                Object {
                  "color": "#ffffff",
                },
              ]
            }
          >
            Cat: Snowball
          </Text>
        </View>
        <View
          style={
            Object {
              "flexDirection": "row",
              "justifyContent": "space-between",
              "paddingTop": 3,
            }
          }
        >
          <Text
            numberOfLines={1}
            style={
              Array [
                Object {
                  "fontSize": 12,
                  "fontWeight": "200",
                },
                Object {
                  "color": "#ffffff",
                },
              ]
            }
          >
            It is a long established fact that a reader will be distracted by 
the readable content of a page when looking at its layout. The 
point of using Lorem Ipsum is that it has a more-or-less normal 
distribution of letters, as opposed to using 'Content here, 
content here', making it look like readable English. Many desktop 
publishing packages and web page editors now use Lorem Ipsum as 
their default model text, and a search for 'lorem ipsum' will 
uncover many web sites still in their infancy. Various versions 
have evolved over the years, sometimes by accident, sometimes on 
purpose (injected humour and the like). 
          </Text>
          <Text
            numberOfLines={1}
            style={
              Array [
                Object {
                  "fontSize": 12,
                },
                Object {
                  "color": "#ffffff",
                },
              ]
            }
          >
            johnnyeyelash
          </Text>
        </View>
      </View>
    </View>
    <View
      style={
        Object {
          "alignItems": "center",
          "flexDirection": "row",
          "justifyContent": "center",
        }
      }
    />
  </View>,
  <View
    style={
      Array [
        Object {
          "backgroundColor": "#ffffff",
          "borderRadius": 6,
          "flex": 1,
          "marginBottom": 8,
          "marginTop": 8,
          "minHeight": 64,
          "overflow": "hidden",
          "paddingLeft": 20,
          "paddingRight": 20,
        },
        Object {
          "alignItems": "center",
          "flexDirection": "row",
          "justifyContent": "space-between",
        },
        undefined,
        undefined,
        undefined,
      ]
    }
  >
    <View
      style={
        Object {
          "alignItems": "center",
          "flex": 1,
          "flexDirection": "row",
          "justifyContent": "flex-start",
        }
      }
    >
      <View
        style={
          Object {
            "flex": 1,
          }
        }
      >
        <View
          style={
            Object {
              "flexDirection": "row",
              "justifyContent": "space-between",
            }
          }
        >
          <Text
            numberOfLines={1}
            style={
              Array [
                Object {
                  "color": "#000000",
                  "fontSize": 14,
                  "fontWeight": "500",
                  "paddingBottom": 3,
                },
                undefined,
              ]
            }
          >
            Cat: Snowball
          </Text>
        </View>
        <View
          style={
            Object {
              "flexDirection": "row",
              "justifyContent": "space-between",
              "paddingTop": 3,
            }
          }
        >
          <Text
            numberOfLines={1}
            style={
              Array [
                Object {
                  "fontSize": 12,
                  "fontWeight": "200",
                },
                undefined,
              ]
            }
          >
            It is a long established fact that a reader will be distracted by 
the readable content of a page when looking at its layout. The 
point of using Lorem Ipsum is that it has a more-or-less normal 
distribution of letters, as opposed to using 'Content here, 
content here', making it look like readable English. Many desktop 
publishing packages and web page editors now use Lorem Ipsum as 
their default model text, and a search for 'lorem ipsum' will 
uncover many web sites still in their infancy. Various versions 
have evolved over the years, sometimes by accident, sometimes on 
purpose (injected humour and the like). 
          </Text>
          <Text
            numberOfLines={1}
            style={
              Array [
                Object {
                  "fontSize": 12,
                },
                undefined,
              ]
            }
          >
            johnnyeyelash
          </Text>
        </View>
      </View>
    </View>
    <View
      style={
        Object {
          "alignItems": "center",
          "flexDirection": "row",
          "justifyContent": "center",
        }
      }
    />
  </View>,
  <View
    style={
      Array [
        Object {
          "backgroundColor": "#ffffff",
          "borderRadius": 6,
          "flex": 1,
          "marginBottom": 8,
          "marginTop": 8,
          "minHeight": 64,
          "overflow": "hidden",
          "paddingLeft": 20,
          "paddingRight": 20,
        },
        Object {
          "alignItems": "center",
          "flexDirection": "row",
          "justifyContent": "space-between",
        },
        undefined,
        undefined,
        undefined,
      ]
    }
  >
    <View
      style={
        Object {
          "alignItems": "center",
          "flex": 1,
          "flexDirection": "row",
          "justifyContent": "flex-start",
        }
      }
    >
      <View
        style={
          Object {
            "flex": 1,
          }
        }
      >
        <View
          style={
            Object {
              "flexDirection": "row",
              "justifyContent": "space-between",
            }
          }
        >
          <Text
            numberOfLines={1}
            style={
              Array [
                Object {
                  "color": "#000000",
                  "fontSize": 14,
                  "fontWeight": "500",
                  "paddingBottom": 3,
                },
                undefined,
              ]
            }
          >
            Cat: Snowball
          </Text>
        </View>
        <View
          style={
            Object {
              "flexDirection": "row",
              "justifyContent": "space-between",
              "paddingTop": 3,
            }
          }
        >
          <Text
            numberOfLines={1}
            style={
              Array [
                Object {
                  "fontSize": 12,
                  "fontWeight": "200",
                },
                undefined,
              ]
            }
          >
            It is a long established fact that a reader will be distracted by 
the readable content of a page when looking at its layout. The 
point of using Lorem Ipsum is that it has a more-or-less normal 
distribution of letters, as opposed to using 'Content here, 
content here', making it look like readable English. Many desktop 
publishing packages and web page editors now use Lorem Ipsum as 
their default model text, and a search for 'lorem ipsum' will 
uncover many web sites still in their infancy. Various versions 
have evolved over the years, sometimes by accident, sometimes on 
purpose (injected humour and the like). 
          </Text>
          <Text
            numberOfLines={1}
            style={
              Array [
                Object {
                  "fontSize": 12,
                },
                undefined,
              ]
            }
          >
            johnnyeyelash
          </Text>
        </View>
      </View>
    </View>
    <View
      style={
        Object {
          "alignItems": "center",
          "flexDirection": "row",
          "justifyContent": "center",
        }
      }
    />
  </View>,
  <View
    style={
      Array [
        Object {
          "backgroundColor": "#ffffff",
          "borderRadius": 6,
          "flex": 1,
          "marginBottom": 8,
          "marginTop": 8,
          "minHeight": 64,
          "overflow": "hidden",
          "paddingLeft": 20,
          "paddingRight": 20,
        },
        Object {
          "alignItems": "center",
          "flexDirection": "row",
          "justifyContent": "space-between",
        },
        undefined,
        undefined,
        undefined,
      ]
    }
  >
    <View
      style={
        Object {
          "alignItems": "center",
          "flex": 1,
          "flexDirection": "row",
          "justifyContent": "flex-start",
        }
      }
    >
      <View
        style={
          Object {
            "flex": 1,
          }
        }
      >
        <View
          style={
            Object {
              "flexDirection": "row",
              "justifyContent": "space-between",
            }
          }
        >
          <Text
            numberOfLines={1}
            style={
              Array [
                Object {
                  "color": "#000000",
                  "fontSize": 14,
                  "fontWeight": "500",
                  "paddingBottom": 3,
                },
                undefined,
              ]
            }
          >
            Cat: Snowball
          </Text>
        </View>
        <View
          style={
            Object {
              "flexDirection": "row",
              "justifyContent": "space-between",
              "paddingTop": 3,
            }
          }
        >
          <Text
            numberOfLines={1}
            style={
              Array [
                Object {
                  "fontSize": 12,
                  "fontWeight": "200",
                },
                undefined,
              ]
            }
          >
            It is a long established fact that a reader will be distracted by 
the readable content of a page when looking at its layout. The 
point of using Lorem Ipsum is that it has a more-or-less normal 
distribution of letters, as opposed to using 'Content here, 
content here', making it look like readable English. Many desktop 
publishing packages and web page editors now use Lorem Ipsum as 
their default model text, and a search for 'lorem ipsum' will 
uncover many web sites still in their infancy. Various versions 
have evolved over the years, sometimes by accident, sometimes on 
purpose (injected humour and the like). 
          </Text>
          <Text
            numberOfLines={1}
            style={
              Array [
                Object {
                  "fontSize": 12,
                },
                undefined,
              ]
            }
          >
            johnnyeyelash
          </Text>
        </View>
      </View>
    </View>
    <View
      style={
        Object {
          "alignItems": "center",
          "flexDirection": "row",
          "justifyContent": "center",
        }
      }
    />
  </View>,
  <View
    style={
      Array [
        Object {
          "backgroundColor": "#ffffff",
          "borderRadius": 6,
          "flex": 1,
          "marginBottom": 8,
          "marginTop": 8,
          "minHeight": 64,
          "overflow": "hidden",
          "paddingLeft": 20,
          "paddingRight": 20,
        },
        Object {
          "alignItems": "center",
          "flexDirection": "row",
          "justifyContent": "space-between",
        },
        undefined,
        Object {
          "backgroundColor": "#39a4f2",
        },
        undefined,
      ]
    }
  >
    <View
      style={
        Object {
          "alignItems": "center",
          "flex": 1,
          "flexDirection": "row",
          "justifyContent": "flex-start",
        }
      }
    >
      <View
        style={
          Object {
            "flex": 1,
          }
        }
      >
        <View
          style={
            Object {
              "flexDirection": "row",
              "justifyContent": "space-between",
            }
          }
        >
          <Text
            numberOfLines={1}
            style={
              Array [
                Object {
                  "color": "#000000",
                  "fontSize": 14,
                  "fontWeight": "500",
                  "paddingBottom": 3,
                },
                Object {
                  "color": "#ffffff",
                },
              ]
            }
          >
            Cat: Snowball
          </Text>
        </View>
        <View
          style={
            Object {
              "flexDirection": "row",
              "justifyContent": "space-between",
              "paddingTop": 3,
            }
          }
        >
          <Text
            numberOfLines={1}
            style={
              Array [
                Object {
                  "fontSize": 12,
                  "fontWeight": "200",
                },
                Object {
                  "color": "#ffffff",
                },
              ]
            }
          >
            It is a long established fact that a reader will be distracted by 
the readable content of a page when looking at its layout. The 
point of using Lorem Ipsum is that it has a more-or-less normal 
distribution of letters, as opposed to using 'Content here, 
content here', making it look like readable English. Many desktop 
publishing packages and web page editors now use Lorem Ipsum as 
their default model text, and a search for 'lorem ipsum' will 
uncover many web sites still in their infancy. Various versions 
have evolved over the years, sometimes by accident, sometimes on 
purpose (injected humour and the like). 
          </Text>
          <Text
            numberOfLines={1}
            style={
              Array [
                Object {
                  "fontSize": 12,
                },
                Object {
                  "color": "#ffffff",
                },
              ]
            }
          >
            johnnyeyelash
          </Text>
        </View>
      </View>
    </View>
    <View
      style={
        Object {
          "alignItems": "center",
          "flexDirection": "row",
          "justifyContent": "center",
        }
      }
    />
  </View>,
  <View
    style={
      Array [
        Object {
          "backgroundColor": "#ffffff",
          "borderRadius": 6,
          "flex": 1,
          "marginBottom": 8,
          "marginTop": 8,
          "minHeight": 64,
          "overflow": "hidden",
          "paddingLeft": 20,
          "paddingRight": 20,
        },
        Object {
          "alignItems": "center",
          "flexDirection": "row",
          "justifyContent": "space-between",
        },
        undefined,
        undefined,
        undefined,
      ]
    }
  >
    <View
      style={
        Object {
          "alignItems": "center",
          "flex": 1,
          "flexDirection": "row",
          "justifyContent": "flex-start",
        }
      }
    >
      <View
        style={
          Object {
            "flex": 1,
          }
        }
      >
        <View
          style={
            Object {
              "flexDirection": "row",
              "justifyContent": "space-between",
            }
          }
        >
          <Text
            numberOfLines={1}
            style={
              Array [
                Object {
                  "color": "#000000",
                  "fontSize": 14,
                  "fontWeight": "500",
                  "paddingBottom": 3,
                },
                undefined,
              ]
            }
          >
            Cat: Snowball
          </Text>
        </View>
        <View
          style={
            Object {
              "flexDirection": "row",
              "justifyContent": "space-between",
              "paddingTop": 3,
            }
          }
        >
          <Text
            numberOfLines={1}
            style={
              Array [
                Object {
                  "fontSize": 12,
                  "fontWeight": "200",
                },
                undefined,
              ]
            }
          >
            It is a long established fact that a reader will be distracted by 
the readable content of a page when looking at its layout. The 
point of using Lorem Ipsum is that it has a more-or-less normal 
distribution of letters, as opposed to using 'Content here, 
content here', making it look like readable English. Many desktop 
publishing packages and web page editors now use Lorem Ipsum as 
their default model text, and a search for 'lorem ipsum' will 
uncover many web sites still in their infancy. Various versions 
have evolved over the years, sometimes by accident, sometimes on 
purpose (injected humour and the like). 
          </Text>
          <Text
            numberOfLines={1}
            style={
              Array [
                Object {
                  "fontSize": 12,
                },
                undefined,
              ]
            }
          >
            johnnyeyelash
          </Text>
        </View>
      </View>
    </View>
    <View
      style={
        Object {
          "alignItems": "center",
          "flexDirection": "row",
          "justifyContent": "center",
        }
      }
    />
  </View>,
  <View
    style={
      Array [
        Object {
          "backgroundColor": "#ffffff",
          "borderRadius": 6,
          "flex": 1,
          "marginBottom": 8,
          "marginTop": 8,
          "minHeight": 64,
          "overflow": "hidden",
          "paddingLeft": 20,
          "paddingRight": 20,
        },
        Object {
          "alignItems": "center",
          "flexDirection": "row",
          "justifyContent": "space-between",
        },
        undefined,
        undefined,
        undefined,
      ]
    }
  >
    <View
      style={
        Object {
          "alignItems": "center",
          "flex": 1,
          "flexDirection": "row",
          "justifyContent": "flex-start",
        }
      }
    >
      <View
        style={
          Object {
            "flex": 1,
          }
        }
      >
        <View
          style={
            Object {
              "flexDirection": "row",
              "justifyContent": "space-between",
            }
          }
        >
          <Text
            numberOfLines={1}
            style={
              Array [
                Object {
                  "color": "#000000",
                  "fontSize": 14,
                  "fontWeight": "500",
                  "paddingBottom": 3,
                },
                undefined,
              ]
            }
          >
            Cat: Snowball
          </Text>
        </View>
        <View
          style={
            Object {
              "flexDirection": "row",
              "justifyContent": "space-between",
              "paddingTop": 3,
            }
          }
        >
          <Text
            numberOfLines={1}
            style={
              Array [
                Object {
                  "fontSize": 12,
                  "fontWeight": "200",
                },
                undefined,
              ]
            }
          >
            It is a long established fact that a reader will be distracted by 
the readable content of a page when looking at its layout. The 
point of using Lorem Ipsum is that it has a more-or-less normal 
distribution of letters, as opposed to using 'Content here, 
content here', making it look like readable English. Many desktop 
publishing packages and web page editors now use Lorem Ipsum as 
their default model text, and a search for 'lorem ipsum' will 
uncover many web sites still in their infancy. Various versions 
have evolved over the years, sometimes by accident, sometimes on 
purpose (injected humour and the like). 
          </Text>
          <Text
            numberOfLines={1}
            style={
              Array [
                Object {
                  "fontSize": 12,
                },
                undefined,
              ]
            }
          >
            johnnyeyelash
          </Text>
        </View>
      </View>
    </View>
    <View
      style={
        Object {
          "alignItems": "center",
          "flexDirection": "row",
          "justifyContent": "center",
        }
      }
    />
  </View>,
  <View
    style={
      Array [
        Object {
          "backgroundColor": "#ffffff",
          "borderRadius": 6,
          "flex": 1,
          "marginBottom": 8,
          "marginTop": 8,
          "minHeight": 64,
          "overflow": "hidden",
          "paddingLeft": 20,
          "paddingRight": 20,
        },
        Object {
          "alignItems": "center",
          "flexDirection": "row",
          "justifyContent": "space-between",
        },
        undefined,
        undefined,
        undefined,
      ]
    }
  >
    <View
      style={
        Object {
          "alignItems": "center",
          "flex": 1,
          "flexDirection": "row",
          "justifyContent": "flex-start",
        }
      }
    >
      <View
        style={
          Object {
            "flex": 1,
          }
        }
      >
        <View
          style={
            Object {
              "flexDirection": "row",
              "justifyContent": "space-between",
            }
          }
        >
          <Text
            numberOfLines={1}
            style={
              Array [
                Object {
                  "color": "#000000",
                  "fontSize": 14,
                  "fontWeight": "500",
                  "paddingBottom": 3,
                },
                undefined,
              ]
            }
          >
            Cat: Snowball
          </Text>
        </View>
        <View
          style={
            Object {
              "flexDirection": "row",
              "justifyContent": "space-between",
              "paddingTop": 3,
            }
          }
        >
          <Text
            numberOfLines={1}
            style={
              Array [
                Object {
                  "fontSize": 12,
                  "fontWeight": "200",
                },
                undefined,
              ]
            }
          >
            It is a long established fact that a reader will be distracted by 
the readable content of a page when looking at its layout. The 
point of using Lorem Ipsum is that it has a more-or-less normal 
distribution of letters, as opposed to using 'Content here, 
content here', making it look like readable English. Many desktop 
publishing packages and web page editors now use Lorem Ipsum as 
their default model text, and a search for 'lorem ipsum' will 
uncover many web sites still in their infancy. Various versions 
have evolved over the years, sometimes by accident, sometimes on 
purpose (injected humour and the like). 
          </Text>
          <Text
            numberOfLines={1}
            style={
              Array [
                Object {
                  "fontSize": 12,
                },
                undefined,
              ]
            }
          >
            johnnyeyelash
          </Text>
        </View>
      </View>
    </View>
    <View
      style={
        Object {
          "alignItems": "center",
          "flexDirection": "row",
          "justifyContent": "center",
        }
      }
    />
  </View>,
  <View
    style={
      Array [
        Object {
          "backgroundColor": "#ffffff",
          "borderRadius": 6,
          "flex": 1,
          "marginBottom": 8,
          "marginTop": 8,
          "minHeight": 64,
          "overflow": "hidden",
          "paddingLeft": 20,
          "paddingRight": 20,
        },
        Object {
          "alignItems": "center",
          "flexDirection": "row",
          "justifyContent": "space-between",
        },
        undefined,
        Object {
          "backgroundColor": "#39a4f2",
        },
        undefined,
      ]
    }
  >
    <View
      style={
        Object {
          "alignItems": "center",
          "flex": 1,
          "flexDirection": "row",
          "justifyContent": "flex-start",
        }
      }
    >
      <View
        style={
          Object {
            "flex": 1,
          }
        }
      >
        <View
          style={
            Object {
              "flexDirection": "row",
              "justifyContent": "space-between",
            }
          }
        >
          <Text
            numberOfLines={1}
            style={
              Array [
                Object {
                  "color": "#000000",
                  "fontSize": 14,
                  "fontWeight": "500",
                  "paddingBottom": 3,
                },
                Object {
                  "color": "#ffffff",
                },
              ]
            }
          >
            Cat: Snowball
          </Text>
        </View>
        <View
          style={
            Object {
              "flexDirection": "row",
              "justifyContent": "space-between",
              "paddingTop": 3,
            }
          }
        >
          <Text
            numberOfLines={1}
            style={
              Array [
                Object {
                  "fontSize": 12,
                  "fontWeight": "200",
                },
                Object {
                  "color": "#ffffff",
                },
              ]
            }
          >
            It is a long established fact that a reader will be distracted by 
the readable content of a page when looking at its layout. The 
point of using Lorem Ipsum is that it has a more-or-less normal 
distribution of letters, as opposed to using 'Content here, 
content here', making it look like readable English. Many desktop 
publishing packages and web page editors now use Lorem Ipsum as 
their default model text, and a search for 'lorem ipsum' will 
uncover many web sites still in their infancy. Various versions 
have evolved over the years, sometimes by accident, sometimes on 
purpose (injected humour and the like). 
          </Text>
          <Text
            numberOfLines={1}
            style={
              Array [
                Object {
                  "fontSize": 12,
                },
                Object {
                  "color": "#ffffff",
                },
              ]
            }
          >
            johnnyeyelash
          </Text>
        </View>
      </View>
    </View>
    <View
      style={
        Object {
          "alignItems": "center",
          "flexDirection": "row",
          "justifyContent": "center",
        }
      }
    />
  </View>,
  <View
    style={
      Array [
        Object {
          "backgroundColor": "#ffffff",
          "borderRadius": 6,
          "flex": 1,
          "marginBottom": 8,
          "marginTop": 8,
          "minHeight": 64,
          "overflow": "hidden",
          "paddingLeft": 20,
          "paddingRight": 20,
        },
        Object {
          "alignItems": "center",
          "flexDirection": "row",
          "justifyContent": "space-between",
        },
        undefined,
        undefined,
        undefined,
      ]
    }
  >
    <View
      style={
        Object {
          "alignItems": "center",
          "flex": 1,
          "flexDirection": "row",
          "justifyContent": "flex-start",
        }
      }
    >
      <View
        style={
          Object {
            "flex": 1,
          }
        }
      >
        <View
          style={
            Object {
              "flexDirection": "row",
              "justifyContent": "space-between",
            }
          }
        >
          <Text
            numberOfLines={1}
            style={
              Array [
                Object {
                  "color": "#000000",
                  "fontSize": 14,
                  "fontWeight": "500",
                  "paddingBottom": 3,
                },
                undefined,
              ]
            }
          >
            Cat: Snowball
          </Text>
        </View>
        <View
          style={
            Object {
              "flexDirection": "row",
              "justifyContent": "space-between",
              "paddingTop": 3,
            }
          }
        >
          <Text
            numberOfLines={1}
            style={
              Array [
                Object {
                  "fontSize": 12,
                  "fontWeight": "200",
                },
                undefined,
              ]
            }
          >
            It is a long established fact that a reader will be distracted by 
the readable content of a page when looking at its layout. The 
point of using Lorem Ipsum is that it has a more-or-less normal 
distribution of letters, as opposed to using 'Content here, 
content here', making it look like readable English. Many desktop 
publishing packages and web page editors now use Lorem Ipsum as 
their default model text, and a search for 'lorem ipsum' will 
uncover many web sites still in their infancy. Various versions 
have evolved over the years, sometimes by accident, sometimes on 
purpose (injected humour and the like). 
          </Text>
          <Text
            numberOfLines={1}
            style={
              Array [
                Object {
                  "fontSize": 12,
                },
                undefined,
              ]
            }
          >
            johnnyeyelash
          </Text>
        </View>
      </View>
    </View>
    <View
      style={
        Object {
          "alignItems": "center",
          "flexDirection": "row",
          "justifyContent": "center",
        }
      }
    />
  </View>,
  <View
    style={
      Array [
        Object {
          "backgroundColor": "#ffffff",
          "borderRadius": 6,
          "flex": 1,
          "marginBottom": 8,
          "marginTop": 8,
          "minHeight": 64,
          "overflow": "hidden",
          "paddingLeft": 20,
          "paddingRight": 20,
        },
        Object {
          "alignItems": "center",
          "flexDirection": "row",
          "justifyContent": "space-between",
        },
        undefined,
        undefined,
        undefined,
      ]
    }
  >
    <View
      style={
        Object {
          "alignItems": "center",
          "flex": 1,
          "flexDirection": "row",
          "justifyContent": "flex-start",
        }
      }
    >
      <View
        style={
          Object {
            "flex": 1,
          }
        }
      >
        <View
          style={
            Object {
              "flexDirection": "row",
              "justifyContent": "space-between",
            }
          }
        >
          <Text
            numberOfLines={1}
            style={
              Array [
                Object {
                  "color": "#000000",
                  "fontSize": 14,
                  "fontWeight": "500",
                  "paddingBottom": 3,
                },
                undefined,
              ]
            }
          >
            Cat: Snowball
          </Text>
        </View>
        <View
          style={
            Object {
              "flexDirection": "row",
              "justifyContent": "space-between",
              "paddingTop": 3,
            }
          }
        >
          <Text
            numberOfLines={1}
            style={
              Array [
                Object {
                  "fontSize": 12,
                  "fontWeight": "200",
                },
                undefined,
              ]
            }
          >
            It is a long established fact that a reader will be distracted by 
the readable content of a page when looking at its layout. The 
point of using Lorem Ipsum is that it has a more-or-less normal 
distribution of letters, as opposed to using 'Content here, 
content here', making it look like readable English. Many desktop 
publishing packages and web page editors now use Lorem Ipsum as 
their default model text, and a search for 'lorem ipsum' will 
uncover many web sites still in their infancy. Various versions 
have evolved over the years, sometimes by accident, sometimes on 
purpose (injected humour and the like). 
          </Text>
          <Text
            numberOfLines={1}
            style={
              Array [
                Object {
                  "fontSize": 12,
                },
                undefined,
              ]
            }
          >
            johnnyeyelash
          </Text>
        </View>
      </View>
    </View>
    <View
      style={
        Object {
          "alignItems": "center",
          "flexDirection": "row",
          "justifyContent": "center",
        }
      }
    />
  </View>,
  <View
    style={
      Array [
        Object {
          "backgroundColor": "#ffffff",
          "borderRadius": 6,
          "flex": 1,
          "marginBottom": 8,
          "marginTop": 8,
          "minHeight": 64,
          "overflow": "hidden",
          "paddingLeft": 20,
          "paddingRight": 20,
        },
        Object {
          "alignItems": "center",
          "flexDirection": "row",
          "justifyContent": "space-between",
        },
        undefined,
        undefined,
        undefined,
      ]
    }
  >
    <View
      style={
        Object {
          "alignItems": "center",
          "flex": 1,
          "flexDirection": "row",
          "justifyContent": "flex-start",
        }
      }
    >
      <View
        style={
          Object {
            "flex": 1,
          }
        }
      >
        <View
          style={
            Object {
              "flexDirection": "row",
              "justifyContent": "space-between",
            }
          }
        >
          <Text
            numberOfLines={1}
            style={
              Array [
                Object {
                  "color": "#000000",
                  "fontSize": 14,
                  "fontWeight": "500",
                  "paddingBottom": 3,
                },
                undefined,
              ]
            }
          >
            Cat: Snowball
          </Text>
        </View>
        <View
          style={
            Object {
              "flexDirection": "row",
              "justifyContent": "space-between",
              "paddingTop": 3,
            }
          }
        >
          <Text
            numberOfLines={1}
            style={
              Array [
                Object {
                  "fontSize": 12,
                  "fontWeight": "200",
                },
                undefined,
              ]
            }
          >
            It is a long established fact that a reader will be distracted by 
the readable content of a page when looking at its layout. The 
point of using Lorem Ipsum is that it has a more-or-less normal 
distribution of letters, as opposed to using 'Content here, 
content here', making it look like readable English. Many desktop 
publishing packages and web page editors now use Lorem Ipsum as 
their default model text, and a search for 'lorem ipsum' will 
uncover many web sites still in their infancy. Various versions 
have evolved over the years, sometimes by accident, sometimes on 
purpose (injected humour and the like). 
          </Text>
          <Text
            numberOfLines={1}
            style={
              Array [
                Object {
                  "fontSize": 12,
                },
                undefined,
              ]
            }
          >
            johnnyeyelash
          </Text>
        </View>
      </View>
    </View>
    <View
      style={
        Object {
          "alignItems": "center",
          "flexDirection": "row",
          "justifyContent": "center",
        }
      }
    />
  </View>,
  <View
    style={
      Array [
        Object {
          "backgroundColor": "#ffffff",
          "borderRadius": 6,
          "flex": 1,
          "marginBottom": 8,
          "marginTop": 8,
          "minHeight": 64,
          "overflow": "hidden",
          "paddingLeft": 20,
          "paddingRight": 20,
        },
        Object {
          "alignItems": "center",
          "flexDirection": "row",
          "justifyContent": "space-between",
        },
        undefined,
        Object {
          "backgroundColor": "#39a4f2",
        },
        undefined,
      ]
    }
  >
    <View
      style={
        Object {
          "alignItems": "center",
          "flex": 1,
          "flexDirection": "row",
          "justifyContent": "flex-start",
        }
      }
    >
      <View
        style={
          Object {
            "flex": 1,
          }
        }
      >
        <View
          style={
            Object {
              "flexDirection": "row",
              "justifyContent": "space-between",
            }
          }
        >
          <Text
            numberOfLines={1}
            style={
              Array [
                Object {
                  "color": "#000000",
                  "fontSize": 14,
                  "fontWeight": "500",
                  "paddingBottom": 3,
                },
                Object {
                  "color": "#ffffff",
                },
              ]
            }
          >
            Cat: Snowball
          </Text>
        </View>
        <View
          style={
            Object {
              "flexDirection": "row",
              "justifyContent": "space-between",
              "paddingTop": 3,
            }
          }
        >
          <Text
            numberOfLines={1}
            style={
              Array [
                Object {
                  "fontSize": 12,
                  "fontWeight": "200",
                },
                Object {
                  "color": "#ffffff",
                },
              ]
            }
          >
            It is a long established fact that a reader will be distracted by 
the readable content of a page when looking at its layout. The 
point of using Lorem Ipsum is that it has a more-or-less normal 
distribution of letters, as opposed to using 'Content here, 
content here', making it look like readable English. Many desktop 
publishing packages and web page editors now use Lorem Ipsum as 
their default model text, and a search for 'lorem ipsum' will 
uncover many web sites still in their infancy. Various versions 
have evolved over the years, sometimes by accident, sometimes on 
purpose (injected humour and the like). 
          </Text>
          <Text
            numberOfLines={1}
            style={
              Array [
                Object {
                  "fontSize": 12,
                },
                Object {
                  "color": "#ffffff",
                },
              ]
            }
          >
            johnnyeyelash
          </Text>
        </View>
      </View>
    </View>
    <View
      style={
        Object {
          "alignItems": "center",
          "flexDirection": "row",
          "justifyContent": "center",
        }
      }
    />
  </View>,
  <View
    style={
      Array [
        Object {
          "backgroundColor": "#ffffff",
          "borderRadius": 6,
          "flex": 1,
          "marginBottom": 8,
          "marginTop": 8,
          "minHeight": 64,
          "overflow": "hidden",
          "paddingLeft": 20,
          "paddingRight": 20,
        },
        Object {
          "alignItems": "center",
          "flexDirection": "row",
          "justifyContent": "space-between",
        },
        undefined,
        undefined,
        undefined,
      ]
    }
  >
    <View
      style={
        Object {
          "alignItems": "center",
          "flex": 1,
          "flexDirection": "row",
          "justifyContent": "flex-start",
        }
      }
    >
      <View
        style={
          Object {
            "flex": 1,
          }
        }
      >
        <View
          style={
            Object {
              "flexDirection": "row",
              "justifyContent": "space-between",
            }
          }
        >
          <Text
            numberOfLines={1}
            style={
              Array [
                Object {
                  "color": "#000000",
                  "fontSize": 14,
                  "fontWeight": "500",
                  "paddingBottom": 3,
                },
                undefined,
              ]
            }
          >
            Cat: Snowball
          </Text>
        </View>
        <View
          style={
            Object {
              "flexDirection": "row",
              "justifyContent": "space-between",
              "paddingTop": 3,
            }
          }
        >
          <Text
            numberOfLines={1}
            style={
              Array [
                Object {
                  "fontSize": 12,
                  "fontWeight": "200",
                },
                undefined,
              ]
            }
          >
            It is a long established fact that a reader will be distracted by 
the readable content of a page when looking at its layout. The 
point of using Lorem Ipsum is that it has a more-or-less normal 
distribution of letters, as opposed to using 'Content here, 
content here', making it look like readable English. Many desktop 
publishing packages and web page editors now use Lorem Ipsum as 
their default model text, and a search for 'lorem ipsum' will 
uncover many web sites still in their infancy. Various versions 
have evolved over the years, sometimes by accident, sometimes on 
purpose (injected humour and the like). 
          </Text>
          <Text
            numberOfLines={1}
            style={
              Array [
                Object {
                  "fontSize": 12,
                },
                undefined,
              ]
            }
          >
            johnnyeyelash
          </Text>
        </View>
      </View>
    </View>
    <View
      style={
        Object {
          "alignItems": "center",
          "flexDirection": "row",
          "justifyContent": "center",
        }
      }
    />
  </View>,
]
`;
