// Jest Snapshot v1, https://goo.gl/fbAQLP

exports[`Snapshot test for the "UIModal" component renders correctly 1`] = `
<View
  style={
    [
      {
        "height": "100%",
        "minWidth": "100%",
        "position": "absolute",
        "width": 750,
      },
      {
        "backgroundColor": "#00000050",
      },
    ]
  }
>
  <Modal
    animationType="slide"
    hardwareAccelerated={false}
    onRequestClose={[Function]}
    supportedOrientations={
      [
        "portrait",
      ]
    }
    transparent={true}
    visible={true}
  >
    <View
      accessibilityState={
        {
          "busy": undefined,
          "checked": undefined,
          "disabled": undefined,
          "expanded": undefined,
          "selected": undefined,
        }
      }
      accessibilityValue={
        {
          "max": undefined,
          "min": undefined,
          "now": undefined,
          "text": undefined,
        }
      }
      accessible={true}
      collapsable={false}
      focusable={true}
      onBlur={[Function]}
      onClick={[Function]}
      onFocus={[Function]}
      onResponderGrant={[Function]}
      onResponderMove={[Function]}
      onResponderRelease={[Function]}
      onResponderTerminate={[Function]}
      onResponderTerminationRequest={[Function]}
      onStartShouldSetResponder={[Function]}
      style={
        {
          "flex": 1,
        }
      }
    >
      <View
        style={
          {
            "flex": 1,
          }
        }
      />
    </View>
    <View
      style={
        {
          "backgroundColor": "#eff1f3",
          "borderTopLeftRadius": 26,
          "borderTopRightRadius": 26,
          "minHeight": 215,
          "overflow": "hidden",
          "paddingBottom": 26,
          "paddingLeft": 18,
          "paddingRight": 18,
          "paddingTop": 26,
        }
      }
    >
      <Text
        style={
          [
            {
              "color": "#000000",
              "fontSize": 14,
              "fontWeight": "200",
            },
            {
              "marginBottom": 8,
              "marginTop": 8,
              "paddingBottom": 6,
              "paddingTop": 6,
            },
            undefined,
            undefined,
            undefined,
          ]
        }
      >
        Some text here
      </Text>
    </View>
  </Modal>
</View>
`;
