// Jest Snapshot v1, https://goo.gl/fbAQLP

exports[`Snapshot test for the "UIModal" component renders correctly 1`] = `
<View
  style={
    Array [
      Object {
        "height": "100%",
        "minWidth": "100%",
        "position": "absolute",
        "width": 750,
      },
      Object {
        "backgroundColor": "#00000050",
      },
    ]
  }
>
  <Modal
    animationType="slide"
    hardwareAccelerated={false}
    supportedOrientations={
      Array [
        "portrait",
      ]
    }
    transparent={true}
    visible={true}
  >
    <View
      accessible={true}
      collapsable={false}
      focusable={true}
      onBlur={[Function]}
      onClick={[Function]}
      onFocus={[Function]}
      onResponderGrant={[Function]}
      onResponderMove={[Function]}
      onResponderRelease={[Function]}
      onResponderTerminate={[Function]}
      onResponderTerminationRequest={[Function]}
      onStartShouldSetResponder={[Function]}
      style={
        Object {
          "flex": 1,
        }
      }
    >
      <View
        style={
          Object {
            "flex": 1,
          }
        }
      />
    </View>
    <View
      style={
        Object {
          "backgroundColor": "#eff1f3",
          "borderRadius": 26,
          "minHeight": 215,
          "overflow": "hidden",
          "paddingBottom": 26,
          "paddingLeft": 18,
          "paddingRight": 18,
          "paddingTop": 26,
        }
      }
    >
      <Text
        style={
          Array [
            Object {
              "color": "#000000",
              "fontSize": 14,
              "fontWeight": "200",
            },
            Object {
              "marginBottom": 8,
              "marginTop": 8,
              "paddingBottom": 6,
              "paddingTop": 6,
            },
            undefined,
            undefined,
            undefined,
          ]
        }
      >
        Some text here
      </Text>
    </View>
  </Modal>
</View>
`;
