// Jest Snapshot v1, https://goo.gl/fbAQLP

exports[`Snapshot test for the "UIPasswordInput" component renders correctly 1`] = `
<View
  style={
    Array [
      Object {
        "alignItems": "center",
        "borderBottomColor": "#C4C4C4",
        "borderBottomWidth": 2,
        "display": "flex",
        "flexDirection": "row",
        "justifyContent": "center",
        "marginBottom": 10,
        "marginTop": 10,
        "width": "100%",
      },
      Object {
        "borderBottomColor": "#C4C4C4",
      },
    ]
  }
>
  <TextInput
    allowFontScaling={true}
    onBlur={[Function]}
    onFocus={[Function]}
    placeholder="Some text here"
    placeholderTextColor="#C4C4C4"
    rejectResponderTermination={true}
    secureTextEntry={true}
    style={
      Array [
        Array [
          Object {
            "borderBottomWidth": 2,
            "color": "#000000",
            "fontSize": 20,
            "fontWeight": "600",
            "height": 60,
            "marginBottom": 10,
            "marginTop": 10,
            "width": "100%",
          },
          Object {
            "borderBottomColor": "#C4C4C4",
          },
        ],
        Object {
          "borderBottomWidth": 0,
          "flex": 1,
          "marginBottom": 0,
          "marginTop": 0,
        },
      ]
    }
    underlineColorAndroid="transparent"
  />
  <Image
    accessible={true}
    focusable={true}
    onClick={[Function]}
    onResponderGrant={[Function]}
    onResponderMove={[Function]}
    onResponderRelease={[Function]}
    onResponderTerminate={[Function]}
    onResponderTerminationRequest={[Function]}
    onStartShouldSetResponder={[Function]}
    resizeMode="contain"
    source={
      Object {
        "uri": "",
      }
    }
    style={
      Object {
        "height": 20,
        "width": 32,
      }
    }
  />
</View>
`;
