// Jest Snapshot v1, https://goo.gl/fbAQLP

exports[`Snapshot test for the "UIPrompt" component renders correctly 1`] = `
<Modal
  animationType="none"
  hardwareAccelerated={false}
  onHide={[Function]}
  renderToHardwareTextureAndroid={true}
  transparent={true}
  visible={true}
>
  <View
    accessible={true}
    focusable={true}
    onClick={[Function]}
    onResponderGrant={[Function]}
    onResponderMove={[Function]}
    onResponderRelease={[Function]}
    onResponderTerminate={[Function]}
    onResponderTerminationRequest={[Function]}
    onStartShouldSetResponder={[Function]}
    style={
      Object {
        "backgroundColor": "black",
        "bottom": 0,
        "left": 0,
        "opacity": 0,
        "position": "absolute",
        "right": 0,
        "top": 0,
      }
    }
  />
  <View
    needsOffscreenAlphaCompositing={true}
    pointerEvents="box-none"
    style={
      Object {
        "alignItems": "center",
        "flex": 1,
        "justifyContent": "center",
        "opacity": 0,
        "transform": Array [
          Object {
            "scale": 1.2,
          },
        ],
      }
    }
  >
    <View
      onLayout={[Function]}
      style={
        Object {
          "marginTop": 22,
        }
      }
    >
      <View
        style={
          Array [
            Object {
              "borderRadius": 13,
              "flexDirection": "column",
              "overflow": "hidden",
              "width": 270,
            },
            Object {},
          ]
        }
      >
        <View
          style={
            Array [
              Object {
                "margin": 18,
              },
              Object {},
            ]
          }
        >
          <Text
            style={
              Array [
                Object {
                  "color": "black",
                  "fontSize": 18,
                  "fontWeight": "600",
                  "textAlign": "center",
                },
                undefined,
              ]
            }
          >
            Title
          </Text>
          <Text
            style={
              Array [
                Object {
                  "color": "black",
                  "fontSize": 13,
                  "marginTop": 4,
                  "textAlign": "center",
                },
                undefined,
              ]
            }
          >
            Message
          </Text>
        </View>
        <View
          style={
            Array [
              Object {
                "backgroundColor": "white",
                "borderColor": "#A9ADAE",
                "borderRadius": 6,
                "borderWidth": 0.5,
                "marginBottom": 20,
                "marginHorizontal": 20,
                "paddingHorizontal": 8,
              },
              undefined,
            ]
          }
        >
          <TextInput
            allowFontScaling={true}
            autoFocus={true}
            onChangeText={[Function]}
            placeholder="Password"
            rejectResponderTermination={true}
            secureTextEntry={true}
            style={
              Array [
                Object {},
                undefined,
                Object {
                  "height": 18,
                },
              ]
            }
            underlineColorAndroid="transparent"
          />
        </View>
        <View
          style={
            Array [
              Object {
                "borderTopColor": "#A9ADAE",
                "borderTopWidth": 0.5,
                "flexDirection": "row",
                "height": 46,
                "justifyContent": "space-between",
              },
              Object {},
            ]
          }
        >
          <View
            accessible={true}
            focusable={true}
            onClick={[Function]}
            onResponderGrant={[Function]}
            onResponderMove={[Function]}
            onResponderRelease={[Function]}
            onResponderTerminate={[Function]}
            onResponderTerminationRequest={[Function]}
            onStartShouldSetResponder={[Function]}
            style={
              Object {
                "alignItems": "center",
                "flex": 1,
                "justifyContent": "center",
                "opacity": 1,
              }
            }
          >
            <Text
              style={
                Array [
                  Object {
                    "backgroundColor": "transparent",
                    "fontSize": 17,
                    "textAlign": "center",
                  },
                  Object {
                    "color": "#007ff9",
                    "fontWeight": "normal",
                  },
                  undefined,
                ]
              }
            >
              CANCEL
            </Text>
          </View>
          <View
            accessible={true}
            focusable={true}
            onClick={[Function]}
            onResponderGrant={[Function]}
            onResponderMove={[Function]}
            onResponderRelease={[Function]}
            onResponderTerminate={[Function]}
            onResponderTerminationRequest={[Function]}
            onStartShouldSetResponder={[Function]}
            style={
              Object {
                "alignItems": "center",
                "flex": 1,
                "justifyContent": "center",
                "opacity": 1,
              }
            }
          >
            <Text
              style={
                Array [
                  Object {
                    "backgroundColor": "transparent",
                    "fontSize": 17,
                    "textAlign": "center",
                  },
                  Object {
                    "color": "#e30000",
                    "fontWeight": "normal",
                  },
                  undefined,
                ]
              }
            >
              CONFIRM
            </Text>
          </View>
        </View>
      </View>
    </View>
  </View>
</Modal>
`;
