// Jest Snapshot v1, https://goo.gl/fbAQLP

exports[`Snapshot test for the "UIPrompt" component renders correctly 1`] = `
<Modal
  animationType="none"
  hardwareAccelerated={false}
  onHide={[Function]}
  renderToHardwareTextureAndroid={true}
  transparent={true}
  visible={true}
>
  <View
    accessible={true}
    focusable={true}
    onClick={[Function]}
    onResponderGrant={[Function]}
    onResponderMove={[Function]}
    onResponderRelease={[Function]}
    onResponderTerminate={[Function]}
    onResponderTerminationRequest={[Function]}
    onStartShouldSetResponder={[Function]}
    style={
      Object {
        "backgroundColor": "black",
        "bottom": 0,
        "left": 0,
        "opacity": 0,
        "position": "absolute",
        "right": 0,
        "top": 0,
      }
    }
  />
  <View
    needsOffscreenAlphaCompositing={true}
    pointerEvents="box-none"
    style={
      Object {
        "alignItems": "center",
        "flex": 1,
        "justifyContent": "center",
        "opacity": 0,
        "transform": Array [
          Object {
            "scale": 0.3,
          },
        ],
      }
    }
  >
    <View
      onLayout={[Function]}
      style={
        Object {
          "marginTop": 22,
        }
      }
    >
      <View
        style={
          Array [
            Object {
              "backgroundColor": "white",
              "borderRadius": 3,
              "elevation": 4,
              "flexDirection": "column",
              "margin": 16,
              "minWidth": 300,
              "overflow": "hidden",
              "padding": 16,
            },
            Object {},
          ]
        }
      >
        <View
          style={
            Array [
              Object {
                "margin": 12,
              },
              Object {},
            ]
          }
        >
          <Text
            style={
              Array [
                Object {
                  "fontSize": 18,
                  "fontWeight": "500",
                },
                undefined,
              ]
            }
          >
            Title
          </Text>
          <Text
            style={
              Array [
                Object {
                  "color": "#33383D",
                  "fontSize": 16,
                  "marginTop": 10,
                },
                undefined,
              ]
            }
          >
            Message
          </Text>
        </View>
        <View
          style={
            Array [
              Object {
                "marginBottom": 20,
                "marginHorizontal": 10,
              },
              undefined,
            ]
          }
        >
          <TextInput
            allowFontScaling={true}
            autoCapitalize="none"
            autoFocus={true}
            onChangeText={[Function]}
            placeholder="Password"
            rejectResponderTermination={true}
            secureTextEntry={true}
            style={
              Array [
                Object {
                  "marginLeft": -4,
                  "paddingLeft": 4,
                },
                undefined,
                Object {
                  "height": 18,
                },
              ]
            }
            underlineColorAndroid="transparent"
          />
        </View>
        <View
          style={
            Array [
              Object {
                "alignItems": "center",
                "flexDirection": "row",
                "justifyContent": "flex-end",
                "marginTop": 4,
              },
              Object {},
            ]
          }
        >
          <View
            accessible={true}
            focusable={true}
            onClick={[Function]}
            onResponderGrant={[Function]}
            onResponderMove={[Function]}
            onResponderRelease={[Function]}
            onResponderTerminate={[Function]}
            onResponderTerminationRequest={[Function]}
            onStartShouldSetResponder={[Function]}
            style={
              Object {
                "alignItems": "center",
                "justifyContent": "center",
                "opacity": 1,
              }
            }
          >
            <Text
              style={
                Array [
                  Object {
                    "backgroundColor": "transparent",
                    "fontSize": 14,
                    "padding": 8,
                    "textAlign": "center",
                  },
                  Object {
                    "color": "#169689",
                    "fontWeight": "normal",
                  },
                  undefined,
                ]
              }
            >
              CANCEL
            </Text>
          </View>
          <View
            accessible={true}
            focusable={true}
            onClick={[Function]}
            onResponderGrant={[Function]}
            onResponderMove={[Function]}
            onResponderRelease={[Function]}
            onResponderTerminate={[Function]}
            onResponderTerminationRequest={[Function]}
            onStartShouldSetResponder={[Function]}
            style={
              Object {
                "alignItems": "center",
                "justifyContent": "center",
                "opacity": 1,
              }
            }
          >
            <Text
              style={
                Array [
                  Object {
                    "backgroundColor": "transparent",
                    "fontSize": 14,
                    "padding": 8,
                    "textAlign": "center",
                  },
                  Object {
                    "color": "#e30000",
                    "fontWeight": "normal",
                  },
                  undefined,
                ]
              }
            >
              CONFIRM
            </Text>
          </View>
        </View>
      </View>
    </View>
  </View>
</Modal>
`;
