// Jest Snapshot v1, https://goo.gl/fbAQLP

exports[`Snapshot test for the "UISelect" component renders correctly 1`] = `
<View
  style={
    Object {
      "borderWidth": 0,
      "width": "100%",
    }
  }
>
  <View
    accessible={true}
    focusable={true}
    onBlur={[Function]}
    onClick={[Function]}
    onFocus={[Function]}
    onResponderGrant={[Function]}
    onResponderMove={[Function]}
    onResponderRelease={[Function]}
    onResponderTerminate={[Function]}
    onResponderTerminationRequest={[Function]}
    onStartShouldSetResponder={[Function]}
    onTouchStart={[Function]}
  >
    <TextInput
      active={false}
      allowFontScaling={true}
      editable={false}
      onBlur={[Function]}
      onFocus={[Function]}
      placeholder="Some text here"
      placeholderTextColor="#c4c4c4"
      rejectResponderTermination={true}
      style={
        Array [
          Array [
            Object {
              "borderBottomWidth": 2,
              "color": "#000000",
              "fontSize": 20,
              "fontWeight": "700",
              "height": 60,
              "marginBottom": 10,
              "marginTop": 10,
              "width": "100%",
            },
            Object {
              "borderBottomColor": "#c4c4c4",
            },
          ],
          Array [
            Object {
              "height": 60,
              "width": "100%",
            },
            Object {},
          ],
        ]
      }
      underlineColorAndroid="transparent"
      value="One"
    />
  </View>
  <Modal
    animationType="slide"
    hardwareAccelerated={false}
    supportedOrientations={
      Array [
        "portrait",
      ]
    }
    transparent={true}
    visible={false}
  >
    <View
      accessible={true}
      focusable={true}
      onBlur={[Function]}
      onClick={[Function]}
      onFocus={[Function]}
      onResponderGrant={[Function]}
      onResponderMove={[Function]}
      onResponderRelease={[Function]}
      onResponderTerminate={[Function]}
      onResponderTerminationRequest={[Function]}
      onStartShouldSetResponder={[Function]}
      style={
        Object {
          "flex": 1,
        }
      }
    >
      <View
        style={
          Object {
            "flex": 1,
          }
        }
      />
    </View>
    <View
      style={
        Object {
          "backgroundColor": "#d0d4da",
          "height": 215,
          "justifyContent": "center",
        }
      }
    >
      <View>
        <RNCPicker
          items={
            Array [
              Object {
                "label": "One",
                "testID": undefined,
                "textColor": undefined,
                "value": "one",
              },
              Object {
                "label": "Two",
                "testID": undefined,
                "textColor": undefined,
                "value": "two",
              },
            ]
          }
          onChange={[Function]}
          selectedIndex={0}
          style={
            Array [
              Object {
                "height": 216,
              },
              undefined,
            ]
          }
        />
      </View>
    </View>
  </Modal>
</View>
`;
