// Jest Snapshot v1, https://goo.gl/fbAQLP

exports[`Snapshot test for the "UISelect" component renders correctly 1`] = `
Array [
  <TextInput
    active={false}
    allowFontScaling={true}
    editable={false}
    onBlur={[Function]}
    onFocus={[Function]}
    onTouchStart={[Function]}
    placeholder="Some text here"
    placeholderTextColor="#C4C4C4"
    rejectResponderTermination={true}
    style={
      Array [
        Array [
          Object {
            "borderBottomWidth": 2,
            "color": "#000000",
            "fontSize": 20,
            "fontWeight": "600",
            "height": 60,
            "marginBottom": 10,
            "marginTop": 10,
            "width": "100%",
          },
          Object {
            "borderBottomColor": "#C4C4C4",
          },
        ],
        Array [
          Object {
            "height": 60,
            "width": "100%",
          },
          Object {},
        ],
      ]
    }
    underlineColorAndroid="transparent"
    value="One"
  />,
  <Modal
    animationType="slide"
    hardwareAccelerated={false}
    supportedOrientations={
      Array [
        "portrait",
      ]
    }
    transparent={true}
    visible={false}
  >
    <View
      accessible={true}
      focusable={true}
      onClick={[Function]}
      onResponderGrant={[Function]}
      onResponderMove={[Function]}
      onResponderRelease={[Function]}
      onResponderTerminate={[Function]}
      onResponderTerminationRequest={[Function]}
      onStartShouldSetResponder={[Function]}
      style={
        Object {
          "flex": 1,
          "opacity": 1,
        }
      }
    />
    <View
      style={
        Object {
          "backgroundColor": "#D0D4DA",
          "height": 215,
          "justifyContent": "center",
        }
      }
    >
      <View
        style={Object {}}
      >
        <RNCPicker
          items={
            Array [
              Object {
                "label": "One",
                "textColor": undefined,
                "value": "one",
              },
              Object {
                "label": "Two",
                "textColor": undefined,
                "value": "two",
              },
            ]
          }
          onChange={[Function]}
          selectedIndex={0}
          style={
            Array [
              Object {
                "height": 216,
              },
              Object {},
            ]
          }
        />
      </View>
    </View>
  </Modal>,
]
`;
