// Jest Snapshot v1, https://goo.gl/fbAQLP

exports[`Snapshot test for the "UITextArea" component renders correctly 1`] = `
<TextInput
  allowFontScaling={true}
  multiline={true}
  rejectResponderTermination={true}
  style={
    Array [
      Object {
        "backgroundColor": "#FFFFFF",
        "borderRadius": 10,
        "flex": 1,
        "marginBottom": 8,
        "marginTop": 8,
        "minHeight": 64,
        "paddingBottom": 20,
        "paddingLeft": 20,
        "paddingRight": 20,
        "paddingTop": 20,
      },
      Object {
        "minHeight": 256,
      },
    ]
  }
  underlineColorAndroid="transparent"
  value="Some text here"
/>
`;
